Archive member included to satisfy reference by file (symbol)

d:/stm32/environment/gcc-arm-none-eabi-10.3-2021.10/bin/../lib/gcc/arm-none-eabi/10.3.1/../../../../arm-none-eabi/lib/thumb/v7-m/nofp\libc_nano.a(lib_a-errno.o)
                              build_f103/sysmem.o (__errno)
d:/stm32/environment/gcc-arm-none-eabi-10.3-2021.10/bin/../lib/gcc/arm-none-eabi/10.3.1/../../../../arm-none-eabi/lib/thumb/v7-m/nofp\libc_nano.a(lib_a-exit.o)
                              d:/stm32/environment/gcc-arm-none-eabi-10.3-2021.10/bin/../lib/gcc/arm-none-eabi/10.3.1/../../../../arm-none-eabi/lib/thumb/v7-m/nofp/crt0.o (exit)
d:/stm32/environment/gcc-arm-none-eabi-10.3-2021.10/bin/../lib/gcc/arm-none-eabi/10.3.1/../../../../arm-none-eabi/lib/thumb/v7-m/nofp\libc_nano.a(lib_a-impure.o)
                              d:/stm32/environment/gcc-arm-none-eabi-10.3-2021.10/bin/../lib/gcc/arm-none-eabi/10.3.1/../../../../arm-none-eabi/lib/thumb/v7-m/nofp\libc_nano.a(lib_a-exit.o) (_global_impure_ptr)
d:/stm32/environment/gcc-arm-none-eabi-10.3-2021.10/bin/../lib/gcc/arm-none-eabi/10.3.1/../../../../arm-none-eabi/lib/thumb/v7-m/nofp\libc_nano.a(lib_a-init.o)
                              d:/stm32/environment/gcc-arm-none-eabi-10.3-2021.10/bin/../lib/gcc/arm-none-eabi/10.3.1/../../../../arm-none-eabi/lib/thumb/v7-m/nofp/crt0.o (__libc_init_array)
d:/stm32/environment/gcc-arm-none-eabi-10.3-2021.10/bin/../lib/gcc/arm-none-eabi/10.3.1/../../../../arm-none-eabi/lib/thumb/v7-m/nofp\libc_nano.a(lib_a-memcpy-stub.o)
                              build_f103/protocol_handler.o (memcpy)
d:/stm32/environment/gcc-arm-none-eabi-10.3-2021.10/bin/../lib/gcc/arm-none-eabi/10.3.1/../../../../arm-none-eabi/lib/thumb/v7-m/nofp\libc_nano.a(lib_a-memset.o)
                              d:/stm32/environment/gcc-arm-none-eabi-10.3-2021.10/bin/../lib/gcc/arm-none-eabi/10.3.1/../../../../arm-none-eabi/lib/thumb/v7-m/nofp/crt0.o (memset)
d:/stm32/environment/gcc-arm-none-eabi-10.3-2021.10/bin/../lib/gcc/arm-none-eabi/10.3.1/../../../../arm-none-eabi/lib/thumb/v7-m/nofp\libc_nano.a(lib_a-strncpy.o)
                              build_f103/protocol_handler.o (strncpy)

Discarded input sections

 .text          0x00000000        0x0 d:/stm32/environment/gcc-arm-none-eabi-10.3-2021.10/bin/../lib/gcc/arm-none-eabi/10.3.1/thumb/v7-m/nofp/crti.o
 .data          0x00000000        0x0 d:/stm32/environment/gcc-arm-none-eabi-10.3-2021.10/bin/../lib/gcc/arm-none-eabi/10.3.1/thumb/v7-m/nofp/crti.o
 .bss           0x00000000        0x0 d:/stm32/environment/gcc-arm-none-eabi-10.3-2021.10/bin/../lib/gcc/arm-none-eabi/10.3.1/thumb/v7-m/nofp/crti.o
 .data          0x00000000        0x4 d:/stm32/environment/gcc-arm-none-eabi-10.3-2021.10/bin/../lib/gcc/arm-none-eabi/10.3.1/thumb/v7-m/nofp/crtbegin.o
 .rodata        0x00000000       0x24 d:/stm32/environment/gcc-arm-none-eabi-10.3-2021.10/bin/../lib/gcc/arm-none-eabi/10.3.1/thumb/v7-m/nofp/crtbegin.o
 .text          0x00000000       0x7c d:/stm32/environment/gcc-arm-none-eabi-10.3-2021.10/bin/../lib/gcc/arm-none-eabi/10.3.1/../../../../arm-none-eabi/lib/thumb/v7-m/nofp/crt0.o
 .data          0x00000000        0x0 d:/stm32/environment/gcc-arm-none-eabi-10.3-2021.10/bin/../lib/gcc/arm-none-eabi/10.3.1/../../../../arm-none-eabi/lib/thumb/v7-m/nofp/crt0.o
 .bss           0x00000000        0x0 d:/stm32/environment/gcc-arm-none-eabi-10.3-2021.10/bin/../lib/gcc/arm-none-eabi/10.3.1/../../../../arm-none-eabi/lib/thumb/v7-m/nofp/crt0.o
 .ARM.extab     0x00000000        0x0 d:/stm32/environment/gcc-arm-none-eabi-10.3-2021.10/bin/../lib/gcc/arm-none-eabi/10.3.1/../../../../arm-none-eabi/lib/thumb/v7-m/nofp/crt0.o
 .ARM.exidx     0x00000000       0x10 d:/stm32/environment/gcc-arm-none-eabi-10.3-2021.10/bin/../lib/gcc/arm-none-eabi/10.3.1/../../../../arm-none-eabi/lib/thumb/v7-m/nofp/crt0.o
 .ARM.attributes
                0x00000000       0x1b d:/stm32/environment/gcc-arm-none-eabi-10.3-2021.10/bin/../lib/gcc/arm-none-eabi/10.3.1/../../../../arm-none-eabi/lib/thumb/v7-m/nofp/crt0.o
 .text          0x00000000        0x0 build_f103/main.o
 .data          0x00000000        0x0 build_f103/main.o
 .bss           0x00000000        0x0 build_f103/main.o
 .text          0x00000000        0x0 build_f103/protocol_handler.o
 .data          0x00000000        0x0 build_f103/protocol_handler.o
 .bss           0x00000000        0x0 build_f103/protocol_handler.o
 .text.protocol_reset
                0x00000000       0x1c build_f103/protocol_handler.o
 .text          0x00000000        0x0 build_f103/can_driver.o
 .data          0x00000000        0x0 build_f103/can_driver.o
 .bss           0x00000000        0x0 build_f103/can_driver.o
 .text.can_msp_init
                0x00000000       0xa8 build_f103/can_driver.o
 .text.can_receive_frame
                0x00000000       0xda build_f103/can_driver.o
 .text.can_deinit
                0x00000000       0x3e build_f103/can_driver.o
 .text.can_init
[...]
Memory Configuration

Name             Origin             Length             Attributes
RAM              0x20000000         0x00005000         xrw
FLASH            0x08000000         0x00010000         xr
*default*        0x00000000         0xffffffff

Linker script and memory map

LOAD d:/stm32/environment/gcc-arm-none-eabi-10.3-2021.10/bin/../lib/gcc/arm-none-eabi/10.3.1/thumb/v7-m/nofp/crti.o
LOAD d:/stm32/environment/gcc-arm-none-eabi-10.3-2021.10/bin/../lib/gcc/arm-none-eabi/10.3.1/thumb/v7-m/nofp/crtbegin.o
LOAD d:/stm32/environment/gcc-arm-none-eabi-10.3-2021.10/bin/../lib/gcc/arm-none-eabi/10.3.1/../../../../arm-none-eabi/lib/thumb/v7-m/nofp/crt0.o
LOAD build_f103/main.o
LOAD build_f103/protocol_handler.o
LOAD build_f103/can_driver.o
LOAD build_f103/adc_driver.o
LOAD build_f103/comm_driver.o
LOAD build_f103/device_manager.o
LOAD build_f103/sysmem.o
LOAD build_f103/syscalls.o
LOAD build_f103/system_stm32f1xx.o
LOAD build_f103/stm32f1xx_hal.o
LOAD build_f103/stm32f1xx_hal_can.o
LOAD build_f103/stm32f1xx_hal_adc.o
LOAD build_f103/stm32f1xx_hal_uart.o
LOAD build_f103/stm32f1xx_hal_usart.o
LOAD build_f103/stm32f1xx_hal_dma.o
LOAD build_f103/stm32f1xx_hal_gpio.o
LOAD build_f103/stm32f1xx_hal_gpio_ex.o
LOAD build_f103/stm32f1xx_hal_rcc.o
LOAD build_f103/stm32f1xx_hal_rcc_ex.o
LOAD build_f103/stm32f1xx_hal_cortex.o
LOAD build_f103/stm32f1xx_hal_flash.o
LOAD build_f103/stm32f1xx_hal_flash_ex.o
LOAD build_f103/stm32f1xx_hal_pwr.o
LOAD build_f103/stm32f1xx_hal_exti.o
LOAD build_f103/stm32f1xx_hal_tim.o
LOAD build_f103/startup_stm32f103xb.o
LOAD d:/stm32/environment/gcc-arm-none-eabi-10.3-2021.10/bin/../lib/gcc/arm-none-eabi/10.3.1/../../../../arm-none-eabi/lib/thumb/v7-m/nofp\libc_nano.a
LOAD d:/stm32/environment/gcc-arm-none-eabi-10.3-2021.10/bin/../lib/gcc/arm-none-eabi/10.3.1/../../../../arm-none-eabi/lib/thumb/v7-m/nofp\libm.a
LOAD d:/stm32/environment/gcc-arm-none-eabi-10.3-2021.10/bin/../lib/gcc/arm-none-eabi/10.3.1/../../../../arm-none-eabi/lib/thumb/v7-m/nofp\libnosys.a
START GROUP
LOAD d:/stm32/environment/gcc-arm-none-eabi-10.3-2021.10/bin/../lib/gcc/arm-none-eabi/10.3.1/thumb/v7-m/nofp\libgcc.a
LOAD d:/stm32/environment/gcc-arm-none-eabi-10.3-2021.10/bin/../lib/gcc/arm-none-eabi/10.3.1/../../../../arm-none-eabi/lib/thumb/v7-m/nofp\libc_nano.a
END GROUP
START GROUP
LOAD d:/stm32/environment/gcc-arm-none-eabi-10.3-2021.10/bin/../lib/gcc/arm-none-eabi/10.3.1/thumb/v7-m/nofp\libgcc.a
LOAD d:/stm32/environment/gcc-arm-none-eabi-10.3-2021.10/bin/../lib/gcc/arm-none-eabi/10.3.1/../../../../arm-none-eabi/lib/thumb/v7-m/nofp\libc_nano.a
END GROUP
LOAD d:/stm32/environment/gcc-arm-none-eabi-10.3-2021.10/bin/../lib/gcc/arm-none-eabi/10.3.1/thumb/v7-m/nofp/crtend.o
LOAD d:/stm32/environment/gcc-arm-none-eabi-10.3-2021.10/bin/../lib/gcc/arm-none-eabi/10.3.1/thumb/v7-m/nofp/crtn.o
                0x20005000                _estack = (ORIGIN (RAM) + LENGTH (RAM))
                0x20004c00                _sstack = (_estack - _Min_Stack_Size)
                0x00000200                _Min_Heap_Size = 0x200
                0x00000400                _Min_Stack_Size = 0x400

.isr_vector     0x08000000      0x10c
                0x08000000                . = ALIGN (0x4)
 *(.isr_vector)
 .isr_vector    0x08000000      0x10c build_f103/startup_stm32f103xb.o
                0x08000000                g_pfnVectors
                0x0800010c                . = ALIGN (0x4)

.text           0x0800010c     0x3720
                0x0800010c                . = ALIGN (0x4)
 *(.text)
 .text          0x0800010c       0x40 d:/stm32/environment/gcc-arm-none-eabi-10.3-2021.10/bin/../lib/gcc/arm-none-eabi/10.3.1/thumb/v7-m/nofp/crtbegin.o
 *(.text*)
 .text.TimestampTimer_Init
                0x0800014c       0x30 build_f103/main.o
 .text.adc_data_callback
                0x0800017c        0x8 build_f103/main.o
 .text.can_rx_callback
                0x08000184        0x8 build_f103/main.o
 .text.GPIO_Init
                0x0800018c       0x50 build_f103/main.o
 .text.Error_Handler
                0x080001dc       0x2c build_f103/main.o
 .text.SystemClock_Config
                0x08000208       0x60 build_f103/main.o
 .text.main     0x08000268       0x84 build_f103/main.o
                0x08000268                main
 .text.SysTick_Handler
                0x080002ec        0xc build_f103/main.o
                0x080002ec                SysTick_Handler
 .text.crc16_update
                0x080002f8       0x28 build_f103/protocol_handler.o
 .text.crc16_compute
                0x08000320       0x1e build_f103/protocol_handler.o
 .text.proto_validate_frame
                0x0800033e       0x50 build_f103/protocol_handler.o
 *fill*         0x0800038e        0x2 
 .text.proto_build_frame
                0x08000390       0x6c build_f103/protocol_handler.o
 .text.proto_send_simple
                0x080003fc       0x38 build_f103/protocol_handler.o
 .text.handle_system_reset
                0x08000434       0x2c build_f103/protocol_handler.o
 .text.proto_send_data
                0x08000460       0x34 build_f103/protocol_handler.o
 .text.handle_can_send_frame
                0x08000494       0x50 build_f103/protocol_handler.o
 .text.handle_adc_stop_sample
                0x080004e4       0x2a build_f103/protocol_handler.o
 .text.handle_adc_start_sample
                0x0800050e       0x48 build_f103/protocol_handler.o
 .text.handle_can_stop_listen
                0x08000556       0x2c build_f103/protocol_handler.o
 .text.handle_can_start_listen
                0x08000582       0x2c build_f103/protocol_handler.o
 .text.handle_comm_set_interface
                0x080005ae       0x42 build_f103/protocol_handler.o
 .text.handle_adc_set_sampling
                0x080005f0       0x6a build_f103/protocol_handler.o
 .text.handle_can_set_filter
                0x0800065a       0x4e build_f103/protocol_handler.o
 .text.handle_can_set_mode
                0x080006a8       0x3a build_f103/protocol_handler.o
 .text.handle_can_set_baudrate
                0x080006e2       0x3a build_f103/protocol_handler.o
 .text.handle_get_adc_status
                0x0800071c       0x66 build_f103/protocol_handler.o
 .text.handle_get_status
                0x08000782       0x76 build_f103/protocol_handler.o
 .text.handle_get_capabilities
                0x080007f8       0x44 build_f103/protocol_handler.o
 .text.handle_get_info
                0x0800083c       0x66 build_f103/protocol_handler.o
 *fill*         0x080008a2        0x2 
 .text.protocol_process_byte
                0x080008a4       0xd4 build_f103/protocol_handler.o
                0x080008a4                protocol_process_byte
 .text.protocol_process_buffer
                0x08000978       0x1a build_f103/protocol_handler.o
                0x08000978                protocol_process_buffer
 .text.protocol_send_can_frame
                0x08000992       0x9a build_f103/protocol_handler.o
                0x08000992                protocol_send_can_frame
 .text.protocol_send_adc_data
                0x08000a2c       0x58 build_f103/protocol_handler.o
                0x08000a2c                protocol_send_adc_data
 .text.protocol_send_heartbeat
                0x08000a84       0x50 build_f103/protocol_handler.o
                0x08000a84                protocol_send_heartbeat
 .text.can_get_handle
                0x08000ad4       0x18 build_f103/can_driver.o
 .text.can_get_ctx
                0x08000aec       0x18 build_f103/can_driver.o
 .text.can_calc_timing
                0x08000b04       0xe0 build_f103/can_driver.o
 .text.can_process_rx_irq
                0x08000be4       0xa0 build_f103/can_driver.o
 .text.can_process_error_irq
                0x08000c84       0xa8 build_f103/can_driver.o
 .text.can_set_baudrate
                0x08000d2c       0x90 build_f103/can_driver.o
                0x08000d2c                can_set_baudrate
 .text.can_set_mode
                0x08000dbc       0x8a build_f103/can_driver.o
                0x08000dbc                can_set_mode
 .text.can_set_filter
                0x08000e46       0x82 build_f103/can_driver.o
                0x08000e46                can_set_filter
 .text.can_send_frame
                0x08000ec8       0xe0 build_f103/can_driver.o
                0x08000ec8                can_send_frame
 .text.can_register_rx_callback
                0x08000fa8       0x1e build_f103/can_driver.o
                0x08000fa8                can_register_rx_callback
 .text.can_start_listen
                0x08000fc6       0x46 build_f103/can_driver.o
                0x08000fc6                can_start_listen
 .text.can_stop_listen
                0x0800100c       0x3c build_f103/can_driver.o
                0x0800100c                can_stop_listen
 .text.can_get_channel_count
                0x08001048        0x4 build_f103/can_driver.o
                0x08001048                can_get_channel_count
 .text.can_is_initialized
                0x0800104c       0x1c build_f103/can_driver.o
                0x0800104c                can_is_initialized
 .text.USB_LP_CAN1_RX0_IRQHandler
                0x08001068       0x1c build_f103/can_driver.o
                0x08001068                USB_LP_CAN1_RX0_IRQHandler
 .text.adc_msp_init
                0x08001084       0xa0 build_f103/adc_driver.o
 .text.adc_is_available
                0x08001124        0x4 build_f103/adc_driver.o
                0x08001124                adc_is_available
 .text.adc_start_sampling
                0x08001128       0x40 build_f103/adc_driver.o
                0x08001128                adc_start_sampling
 .text.adc_stop_sampling
                0x08001168       0x24 build_f103/adc_driver.o
                0x08001168                adc_stop_sampling
 .text.adc_init
                0x0800118c       0xbc build_f103/adc_driver.o
                0x0800118c                adc_init
 .text.adc_register_data_callback
                0x08001248        0xc build_f103/adc_driver.o
                0x08001248                adc_register_data_callback
 .text.adc_get_status
                0x08001254       0x3c build_f103/adc_driver.o
                0x08001254                adc_get_status
 .text.HAL_ADC_ConvHalfCpltCallback
                0x08001290       0x58 build_f103/adc_driver.o
                0x08001290                HAL_ADC_ConvHalfCpltCallback
 .text.HAL_ADC_ConvCpltCallback
                0x080012e8       0x58 build_f103/adc_driver.o
                0x080012e8                HAL_ADC_ConvCpltCallback
 .text.comm_usart_msp_init
                0x08001340       0xc0 build_f103/comm_driver.o
 .text.HAL_UART_RxCpltCallback
                0x08001400       0x5c build_f103/comm_driver.o
                0x08001400                HAL_UART_RxCpltCallback
 .text.USART1_IRQHandler
                0x0800145c       0x10 build_f103/comm_driver.o
                0x0800145c                USART1_IRQHandler
 .text.comm_init
                0x0800146c       0x38 build_f103/comm_driver.o
                0x0800146c                comm_init
 .text.comm_switch_interface
                0x080014a4       0x40 build_f103/comm_driver.o
                0x080014a4                comm_switch_interface
 .text.comm_get_current_interface
                0x080014e4        0xc build_f103/comm_driver.o
                0x080014e4                comm_get_current_interface
 .text.comm_send
                0x080014f0       0x4c build_f103/comm_driver.o
                0x080014f0                comm_send
 .text.comm_receive
                0x0800153c       0x9c build_f103/comm_driver.o
                0x0800153c                comm_receive
 .text.device_tick_ms
                0x080015d8       0x10 build_f103/device_manager.o
                0x080015d8                device_tick_ms
 .text.device_get_serial
                0x080015e8       0x18 build_f103/device_manager.o
                0x080015e8                device_get_serial
 .text.device_get_info
                0x08001600       0x3c build_f103/device_manager.o
                0x08001600                device_get_info
 .text.device_get_capabilities
                0x0800163c       0x2c build_f103/device_manager.o
                0x0800163c                device_get_capabilities
 .text.device_get_uptime_ms
                0x08001668        0xc build_f103/device_manager.o
                0x08001668                device_get_uptime_ms
 .text.device_get_uptime_us
                0x08001674        0x8 build_f103/device_manager.o
                0x08001674                device_get_uptime_us
 .text.device_soft_reset
                0x0800167c       0x20 build_f103/device_manager.o
                0x0800167c                device_soft_reset
 .text.SystemInit
                0x0800169c        0x2 build_f103/system_stm32f1xx.o
                0x0800169c                SystemInit
 .text.HAL_MspInit
                0x0800169e        0x2 build_f103/stm32f1xx_hal.o
                0x0800169e                HAL_MspInit
 .text.HAL_InitTick
                0x080016a0       0x4c build_f103/stm32f1xx_hal.o
                0x080016a0                HAL_InitTick
 .text.HAL_Init
                0x080016ec       0x24 build_f103/stm32f1xx_hal.o
                0x080016ec                HAL_Init
 .text.HAL_IncTick
                0x08001710       0x18 build_f103/stm32f1xx_hal.o
                0x08001710                HAL_IncTick
 .text.HAL_GetTick
                0x08001728        0xc build_f103/stm32f1xx_hal.o
                0x08001728                HAL_GetTick
 .text.HAL_CAN_MspInit
                0x08001734        0x2 build_f103/stm32f1xx_hal_can.o
                0x08001734                HAL_CAN_MspInit
 .text.HAL_CAN_Init
                0x08001736      0x14c build_f103/stm32f1xx_hal_can.o
                0x08001736                HAL_CAN_Init
 .text.HAL_CAN_ConfigFilter
                0x08001882      0x10c build_f103/stm32f1xx_hal_can.o
                0x08001882                HAL_CAN_ConfigFilter
 .text.HAL_CAN_Start
                0x0800198e       0x5c build_f103/stm32f1xx_hal_can.o
                0x0800198e                HAL_CAN_Start
 .text.HAL_CAN_Stop
                0x080019ea       0x62 build_f103/stm32f1xx_hal_can.o
                0x080019ea                HAL_CAN_Stop
 .text.HAL_CAN_AddTxMessage
                0x08001a4c       0xea build_f103/stm32f1xx_hal_can.o
                0x08001a4c                HAL_CAN_AddTxMessage
 .text.HAL_CAN_GetRxMessage
                0x08001b36      0x16a build_f103/stm32f1xx_hal_can.o
                0x08001b36                HAL_CAN_GetRxMessage
 .text.HAL_CAN_ActivateNotification
                0x08001ca0       0x24 build_f103/stm32f1xx_hal_can.o
                0x08001ca0                HAL_CAN_ActivateNotification
 .text.HAL_CAN_DeactivateNotification
                0x08001cc4       0x26 build_f103/stm32f1xx_hal_can.o
                0x08001cc4                HAL_CAN_DeactivateNotification
 .text.HAL_CAN_TxMailbox0CompleteCallback
                0x08001cea        0x2 build_f103/stm32f1xx_hal_can.o
                0x08001cea                HAL_CAN_TxMailbox0CompleteCallback
 .text.HAL_CAN_TxMailbox1CompleteCallback
                0x08001cec        0x2 build_f103/stm32f1xx_hal_can.o
                0x08001cec                HAL_CAN_TxMailbox1CompleteCallback
 .text.HAL_CAN_TxMailbox2CompleteCallback
                0x08001cee        0x2 build_f103/stm32f1xx_hal_can.o
                0x08001cee                HAL_CAN_TxMailbox2CompleteCallback
 .text.HAL_CAN_TxMailbox0AbortCallback
                0x08001cf0        0x2 build_f103/stm32f1xx_hal_can.o
                0x08001cf0                HAL_CAN_TxMailbox0AbortCallback
 .text.HAL_CAN_TxMailbox1AbortCallback
                0x08001cf2        0x2 build_f103/stm32f1xx_hal_can.o
                0x08001cf2                HAL_CAN_TxMailbox1AbortCallback
 .text.HAL_CAN_TxMailbox2AbortCallback
                0x08001cf4        0x2 build_f103/stm32f1xx_hal_can.o
                0x08001cf4                HAL_CAN_TxMailbox2AbortCallback
 .text.HAL_CAN_RxFifo0MsgPendingCallback
                0x08001cf6        0x2 build_f103/stm32f1xx_hal_can.o
                0x08001cf6                HAL_CAN_RxFifo0MsgPendingCallback
 .text.HAL_CAN_RxFifo0FullCallback
                0x08001cf8        0x2 build_f103/stm32f1xx_hal_can.o
                0x08001cf8                HAL_CAN_RxFifo0FullCallback
 .text.HAL_CAN_RxFifo1MsgPendingCallback
                0x08001cfa        0x2 build_f103/stm32f1xx_hal_can.o
                0x08001cfa                HAL_CAN_RxFifo1MsgPendingCallback
 .text.HAL_CAN_RxFifo1FullCallback
                0x08001cfc        0x2 build_f103/stm32f1xx_hal_can.o
                0x08001cfc                HAL_CAN_RxFifo1FullCallback
 .text.HAL_CAN_SleepCallback
                0x08001cfe        0x2 build_f103/stm32f1xx_hal_can.o
                0x08001cfe                HAL_CAN_SleepCallback
 .text.HAL_CAN_WakeUpFromRxMsgCallback
                0x08001d00        0x2 build_f103/stm32f1xx_hal_can.o
                0x08001d00                HAL_CAN_WakeUpFromRxMsgCallback
 .text.HAL_CAN_ErrorCallback
                0x08001d02        0x2 build_f103/stm32f1xx_hal_can.o
                0x08001d02                HAL_CAN_ErrorCallback
 .text.HAL_CAN_IRQHandler
                0x08001d04      0x24a build_f103/stm32f1xx_hal_can.o
                0x08001d04                HAL_CAN_IRQHandler
 .text.HAL_ADC_MspInit
                0x08001f4e        0x2 build_f103/stm32f1xx_hal_adc.o
                0x08001f4e                HAL_ADC_MspInit
 .text.ADC_DMAConvCplt
                0x08001f50       0x52 build_f103/stm32f1xx_hal_adc.o
                0x08001f50                ADC_DMAConvCplt
 .text.ADC_DMAHalfConvCplt
                0x08001fa2        0xa build_f103/stm32f1xx_hal_adc.o
                0x08001fa2                ADC_DMAHalfConvCplt
 .text.HAL_ADC_ErrorCallback
                0x08001fac        0x2 build_f103/stm32f1xx_hal_adc.o
                0x08001fac                HAL_ADC_ErrorCallback
 .text.ADC_DMAError
                0x08001fae       0x1a build_f103/stm32f1xx_hal_adc.o
                0x08001fae                ADC_DMAError
 .text.HAL_ADC_ConfigChannel
                0x08001fc8      0x144 build_f103/stm32f1xx_hal_adc.o
                0x08001fc8                HAL_ADC_ConfigChannel
 .text.ADC_Enable
                0x0800210c       0x88 build_f103/stm32f1xx_hal_adc.o
                0x0800210c                ADC_Enable
 .text.HAL_ADC_Start_DMA
                0x08002194      0x130 build_f103/stm32f1xx_hal_adc.o
                0x08002194                HAL_ADC_Start_DMA
 .text.ADC_ConversionStop_Disable
                0x080022c4       0x56 build_f103/stm32f1xx_hal_adc.o
                0x080022c4                ADC_ConversionStop_Disable
 *fill*         0x0800231a        0x2 
 .text.HAL_ADC_Init
                0x0800231c      0x108 build_f103/stm32f1xx_hal_adc.o
                0x0800231c                HAL_ADC_Init
 .text.HAL_ADC_Stop_DMA
                0x08002424       0x5e build_f103/stm32f1xx_hal_adc.o
                0x08002424                HAL_ADC_Stop_DMA
 .text.UART_EndRxTransfer
                0x08002482       0x5c build_f103/stm32f1xx_hal_uart.o
 .text.UART_Transmit_IT
                0x080024de       0x60 build_f103/stm32f1xx_hal_uart.o
 *fill*         0x0800253e        0x2 
 .text.UART_SetConfig
                0x08002540       0x94 build_f103/stm32f1xx_hal_uart.o
 .text.UART_WaitOnFlagUntilTimeout
                0x080025d4       0x8a build_f103/stm32f1xx_hal_uart.o
 .text.HAL_UART_MspInit
                0x0800265e        0x2 build_f103/stm32f1xx_hal_uart.o
                0x0800265e                HAL_UART_MspInit
 .text.HAL_UART_Init
                0x08002660       0x60 build_f103/stm32f1xx_hal_uart.o
                0x08002660                HAL_UART_Init
 .text.HAL_UART_MspDeInit
                0x080026c0        0x2 build_f103/stm32f1xx_hal_uart.o
                0x080026c0                HAL_UART_MspDeInit
 .text.HAL_UART_DeInit
                0x080026c2       0x34 build_f103/stm32f1xx_hal_uart.o
                0x080026c2                HAL_UART_DeInit
 .text.HAL_UART_Transmit
                0x080026f6       0xcc build_f103/stm32f1xx_hal_uart.o
                0x080026f6                HAL_UART_Transmit
 .text.HAL_UART_TxCpltCallback
                0x080027c2        0x2 build_f103/stm32f1xx_hal_uart.o
                0x080027c2                HAL_UART_TxCpltCallback
 .text.UART_EndTransmit_IT
                0x080027c4       0x1a build_f103/stm32f1xx_hal_uart.o
 .text.HAL_UART_ErrorCallback
                0x080027de        0x2 build_f103/stm32f1xx_hal_uart.o
                0x080027de                HAL_UART_ErrorCallback
 .text.UART_DMAAbortOnError
                0x080027e0       0x10 build_f103/stm32f1xx_hal_uart.o
 .text.HAL_UARTEx_RxEventCallback
                0x080027f0        0x2 build_f103/stm32f1xx_hal_uart.o
                0x080027f0                HAL_UARTEx_RxEventCallback
 .text.UART_Receive_IT
                0x080027f2       0xe6 build_f103/stm32f1xx_hal_uart.o
 .text.HAL_UART_IRQHandler
                0x080028d8      0x288 build_f103/stm32f1xx_hal_uart.o
                0x080028d8                HAL_UART_IRQHandler
 .text.UART_Start_Receive_IT
                0x08002b60       0x36 build_f103/stm32f1xx_hal_uart.o
                0x08002b60                UART_Start_Receive_IT
 .text.HAL_UART_Receive_IT
                0x08002b96       0x26 build_f103/stm32f1xx_hal_uart.o
                0x08002b96                HAL_UART_Receive_IT
 .text.DMA_SetConfig
                0x08002bbc       0x2c build_f103/stm32f1xx_hal_dma.o
 .text.HAL_DMA_Init
                0x08002be8       0x6c build_f103/stm32f1xx_hal_dma.o
                0x08002be8                HAL_DMA_Init
 .text.HAL_DMA_Start_IT
                0x08002c54       0x76 build_f103/stm32f1xx_hal_dma.o
                0x08002c54                HAL_DMA_Start_IT
 .text.HAL_DMA_Abort
                0x08002cca       0x46 build_f103/stm32f1xx_hal_dma.o
                0x08002cca                HAL_DMA_Abort
 .text.HAL_DMA_Abort_IT
                0x08002d10       0x98 build_f103/stm32f1xx_hal_dma.o
                0x08002d10                HAL_DMA_Abort_IT
 .text.HAL_GPIO_Init
                0x08002da8      0x224 build_f103/stm32f1xx_hal_gpio.o
                0x08002da8                HAL_GPIO_Init
 .text.HAL_GPIO_WritePin
                0x08002fcc        0xc build_f103/stm32f1xx_hal_gpio.o
                0x08002fcc                HAL_GPIO_WritePin
 .text.HAL_GPIO_TogglePin
                0x08002fd8       0x12 build_f103/stm32f1xx_hal_gpio.o
                0x08002fd8                HAL_GPIO_TogglePin
 *fill*         0x08002fea        0x2 
 .text.RCC_Delay
                0x08002fec       0x2c build_f103/stm32f1xx_hal_rcc.o
 .text.HAL_RCC_OscConfig
                0x08003018      0x410 build_f103/stm32f1xx_hal_rcc.o
                0x08003018                HAL_RCC_OscConfig
 .text.HAL_RCC_GetSysClockFreq
                0x08003428       0x54 build_f103/stm32f1xx_hal_rcc.o
                0x08003428                HAL_RCC_GetSysClockFreq
 .text.HAL_RCC_ClockConfig
                0x0800347c      0x16c build_f103/stm32f1xx_hal_rcc.o
                0x0800347c                HAL_RCC_ClockConfig
 .text.HAL_RCC_GetHCLKFreq
                0x080035e8        0xc build_f103/stm32f1xx_hal_rcc.o
                0x080035e8                HAL_RCC_GetHCLKFreq
 .text.HAL_RCC_GetPCLK1Freq
                0x080035f4       0x20 build_f103/stm32f1xx_hal_rcc.o
                0x080035f4                HAL_RCC_GetPCLK1Freq
 .text.HAL_RCC_GetPCLK2Freq
                0x08003614       0x20 build_f103/stm32f1xx_hal_rcc.o
                0x08003614                HAL_RCC_GetPCLK2Freq
 .text.HAL_NVIC_SetPriorityGrouping
                0x08003634       0x24 build_f103/stm32f1xx_hal_cortex.o
                0x08003634                HAL_NVIC_SetPriorityGrouping
 .text.HAL_NVIC_SetPriority
                0x08003658       0x70 build_f103/stm32f1xx_hal_cortex.o
                0x08003658                HAL_NVIC_SetPriority
 .text.HAL_NVIC_EnableIRQ
                0x080036c8       0x1c build_f103/stm32f1xx_hal_cortex.o
                0x080036c8                HAL_NVIC_EnableIRQ
 .text.HAL_SYSTICK_Config
                0x080036e4       0x28 build_f103/stm32f1xx_hal_cortex.o
                0x080036e4                HAL_SYSTICK_Config
 .text.HAL_SYSTICK_CLKSourceConfig
                0x0800370c       0x20 build_f103/stm32f1xx_hal_cortex.o
                0x0800370c                HAL_SYSTICK_CLKSourceConfig
 .text.Reset_Handler
                0x0800372c       0x48 build_f103/startup_stm32f103xb.o
                0x0800372c                Reset_Handler
 .text.Default_Handler
                0x08003774        0x2 build_f103/startup_stm32f103xb.o
                0x08003774                RTC_Alarm_IRQHandler
                0x08003774                EXTI2_IRQHandler
                0x08003774                DebugMon_Handler
                0x08003774                TIM1_CC_IRQHandler
                0x08003774                HardFault_Handler
                0x08003774                PVD_IRQHandler
                0x08003774                PendSV_Handler
                0x08003774                NMI_Handler
                0x08003774                EXTI3_IRQHandler
                0x08003774                EXTI0_IRQHandler
                0x08003774                I2C2_EV_IRQHandler
                0x08003774                UsageFault_Handler
                0x08003774                ADC1_2_IRQHandler
                0x08003774                SPI1_IRQHandler
                0x08003774                TAMPER_IRQHandler
                0x08003774                DMA1_Channel4_IRQHandler
                0x08003774                USART3_IRQHandler
                0x08003774                RTC_IRQHandler
                0x08003774                DMA1_Channel7_IRQHandler
                0x08003774                CAN1_RX1_IRQHandler
                0x08003774                TIM4_IRQHandler
                0x08003774                I2C1_EV_IRQHandler
                0x08003774                DMA1_Channel6_IRQHandler
                0x08003774                TIM3_IRQHandler
                0x08003774                RCC_IRQHandler
                0x08003774                TIM1_TRG_COM_IRQHandler
                0x08003774                DMA1_Channel1_IRQHandler
                0x08003774                Default_Handler
                0x08003774                EXTI15_10_IRQHandler
                0x08003774                EXTI9_5_IRQHandler
                0x08003774                SPI2_IRQHandler
                0x08003774                MemManage_Handler
                0x08003774                SVC_Handler
                0x08003774                DMA1_Channel5_IRQHandler
                0x08003774                EXTI4_IRQHandler
                0x08003774                USB_HP_CAN1_TX_IRQHandler
                0x08003774                DMA1_Channel3_IRQHandler
                0x08003774                TIM1_UP_IRQHandler
                0x08003774                WWDG_IRQHandler
                0x08003774                TIM2_IRQHandler
                0x08003774                TIM1_BRK_IRQHandler
                0x08003774                EXTI1_IRQHandler
                0x08003774                USART2_IRQHandler
                0x08003774                I2C2_ER_IRQHandler
                0x08003774                DMA1_Channel2_IRQHandler
                0x08003774                CAN1_SCE_IRQHandler
                0x08003774                FLASH_IRQHandler
                0x08003774                BusFault_Handler
                0x08003774                I2C1_ER_IRQHandler
                0x08003774                USBWakeUp_IRQHandler
 *fill*         0x08003776        0x2 
 .text.__libc_init_array
                0x08003778       0x48 d:/stm32/environment/gcc-arm-none-eabi-10.3-2021.10/bin/../lib/gcc/arm-none-eabi/10.3.1/../../../../arm-none-eabi/lib/thumb/v7-m/nofp\libc_nano.a(lib_a-init.o)
                0x08003778                __libc_init_array
 .text.memcpy   0x080037c0       0x1c d:/stm32/environment/gcc-arm-none-eabi-10.3-2021.10/bin/../lib/gcc/arm-none-eabi/10.3.1/../../../../arm-none-eabi/lib/thumb/v7-m/nofp\libc_nano.a(lib_a-memcpy-stub.o)
                0x080037c0                memcpy
 .text.memset   0x080037dc       0x10 d:/stm32/environment/gcc-arm-none-eabi-10.3-2021.10/bin/../lib/gcc/arm-none-eabi/10.3.1/../../../../arm-none-eabi/lib/thumb/v7-m/nofp\libc_nano.a(lib_a-memset.o)
                0x080037dc                memset
 .text.strncpy  0x080037ec       0x26 d:/stm32/environment/gcc-arm-none-eabi-10.3-2021.10/bin/../lib/gcc/arm-none-eabi/10.3.1/../../../../arm-none-eabi/lib/thumb/v7-m/nofp\libc_nano.a(lib_a-strncpy.o)
                0x080037ec                strncpy
 *(.glue_7)
 .glue_7        0x08003812        0x0 linker stubs
 *(.glue_7t)
 .glue_7t       0x08003812        0x0 linker stubs
 *(.eh_frame)
 *fill*         0x08003812        0x2 
 .eh_frame      0x08003814        0x0 d:/stm32/environment/gcc-arm-none-eabi-10.3-2021.10/bin/../lib/gcc/arm-none-eabi/10.3.1/thumb/v7-m/nofp/crtbegin.o
 *(.init)
 .init          0x08003814        0x4 d:/stm32/environment/gcc-arm-none-eabi-10.3-2021.10/bin/../lib/gcc/arm-none-eabi/10.3.1/thumb/v7-m/nofp/crti.o
                0x08003814                _init
 .init          0x08003818        0x8 d:/stm32/environment/gcc-arm-none-eabi-10.3-2021.10/bin/../lib/gcc/arm-none-eabi/10.3.1/thumb/v7-m/nofp/crtn.o
 *(.fini)
 .fini          0x08003820        0x4 d:/stm32/environment/gcc-arm-none-eabi-10.3-2021.10/bin/../lib/gcc/arm-none-eabi/10.3.1/thumb/v7-m/nofp/crti.o
                0x08003820                _fini
 .fini          0x08003824        0x8 d:/stm32/environment/gcc-arm-none-eabi-10.3-2021.10/bin/../lib/gcc/arm-none-eabi/10.3.1/thumb/v7-m/nofp/crtn.o
                0x0800382c                . = ALIGN (0x4)
                0x0800382c                _etext = .

.vfp11_veneer   0x0800382c        0x0
 .vfp11_veneer  0x0800382c        0x0 linker stubs

.v4_bx          0x0800382c        0x0
 .v4_bx         0x0800382c        0x0 linker stubs

.iplt           0x0800382c        0x0
 .iplt          0x0800382c        0x0 d:/stm32/environment/gcc-arm-none-eabi-10.3-2021.10/bin/../lib/gcc/arm-none-eabi/10.3.1/thumb/v7-m/nofp/crtbegin.o

.rodata         0x0800382c       0xcc
                0x0800382c                . = ALIGN (0x4)
 *(.rodata)
 *(.rodata*)
 .rodata.g_cmd_table
                0x0800382c       0x78 build_f103/protocol_handler.o
 .rodata.device_get_mcu_model.str1.4
                0x080038a4        0xe build_f103/device_manager.o
 *fill*         0x080038b2        0x2 
 .rodata.device_get_info.str1.4
                0x080038b4       0x18 build_f103/device_manager.o
 .rodata.AHBPrescTable
                0x080038cc       0x10 build_f103/system_stm32f1xx.o
                0x080038cc                AHBPrescTable
 .rodata.APBPrescTable
                0x080038dc        0x8 build_f103/system_stm32f1xx.o
                0x080038dc                APBPrescTable
 .rodata.aPLLMULFactorTable.1
                0x080038e4       0x10 build_f103/stm32f1xx_hal_rcc.o
 .rodata.aPredivFactorTable.0
                0x080038f4        0x2 build_f103/stm32f1xx_hal_rcc.o
                0x080038f8                . = ALIGN (0x4)
 *fill*         0x080038f6        0x2 

.rel.dyn        0x080038f8        0x0
 .rel.iplt      0x080038f8        0x0 d:/stm32/environment/gcc-arm-none-eabi-10.3-2021.10/bin/../lib/gcc/arm-none-eabi/10.3.1/thumb/v7-m/nofp/crtbegin.o

.ARM.extab      0x080038f8        0x0
                0x080038f8                . = ALIGN (0x4)
 *(.ARM.extab* .gnu.linkonce.armextab.*)
                0x080038f8                . = ALIGN (0x4)

.ARM            0x080038f8        0x0
                0x080038f8                . = ALIGN (0x4)
                0x080038f8                __exidx_start = .
 *(.ARM.exidx*)
                0x080038f8                __exidx_end = .
                0x080038f8                . = ALIGN (0x4)

.preinit_array  0x080038f8        0x0
                0x080038f8                . = ALIGN (0x4)
                0x080038f8                PROVIDE (__preinit_array_start = .)
 *(.preinit_array*)
                0x080038f8                PROVIDE (__preinit_array_end = .)
                0x080038f8                . = ALIGN (0x4)

.init_array     0x080038f8        0x4
                0x080038f8                . = ALIGN (0x4)
                0x080038f8                PROVIDE (__init_array_start = .)
 *(SORT_BY_NAME(.init_array.*))
 *(.init_array*)
 .init_array    0x080038f8        0x4 d:/stm32/environment/gcc-arm-none-eabi-10.3-2021.10/bin/../lib/gcc/arm-none-eabi/10.3.1/thumb/v7-m/nofp/crtbegin.o
                0x080038fc                PROVIDE (__init_array_end = .)
                0x080038fc                . = ALIGN (0x4)

.fini_array     0x080038fc        0x4
                0x080038fc                . = ALIGN (0x4)
                [!provide]                PROVIDE (__fini_array_start = .)
 *(SORT_BY_NAME(.fini_array.*))
 *(.fini_array*)
 .fini_array    0x080038fc        0x4 d:/stm32/environment/gcc-arm-none-eabi-10.3-2021.10/bin/../lib/gcc/arm-none-eabi/10.3.1/thumb/v7-m/nofp/crtbegin.o
                [!provide]                PROVIDE (__fini_array_end = .)
                0x08003900                . = ALIGN (0x4)
                0x08003900                _sidata = LOADADDR (.data)

.data           0x20000000        0xc load address 0x08003900
                0x20000000                . = ALIGN (0x4)
                0x20000000                _sdata = .
 *(.data)
 *(.data*)
 .data.SystemCoreClock
                0x20000000        0x4 build_f103/system_stm32f1xx.o
                0x20000000                SystemCoreClock
 .data.uwTickFreq
                0x20000004        0x1 build_f103/stm32f1xx_hal.o
                0x20000004                uwTickFreq
 *fill*         0x20000005        0x3 
 .data.uwTickPrio
                0x20000008        0x4 build_f103/stm32f1xx_hal.o
                0x20000008                uwTickPrio
 *(.RamFunc)
 *(.RamFunc*)
                0x2000000c                . = ALIGN (0x4)
                0x2000000c                _edata = .

.igot.plt       0x2000000c        0x0 load address 0x0800390c
 .igot.plt      0x2000000c        0x0 d:/stm32/environment/gcc-arm-none-eabi-10.3-2021.10/bin/../lib/gcc/arm-none-eabi/10.3.1/thumb/v7-m/nofp/crtbegin.o
                0x2000000c                . = ALIGN (0x4)

.bss            0x2000000c      0xc70 load address 0x0800390c
                0x2000000c                _sbss = .
                0x2000000c                __bss_start__ = _sbss
 *(.bss)
 .bss           0x2000000c       0x1c d:/stm32/environment/gcc-arm-none-eabi-10.3-2021.10/bin/../lib/gcc/arm-none-eabi/10.3.1/thumb/v7-m/nofp/crtbegin.o
 *(.bss*)
 .bss.g_rx_buf  0x20000028      0x109 build_f103/protocol_handler.o
 *fill*         0x20000131        0x1 
 .bss.g_rx_buf_pos
                0x20000132        0x2 build_f103/protocol_handler.o
 .bss.g_rx_expected_len
                0x20000134        0x2 build_f103/protocol_handler.o
 .bss.g_seq_counter
                0x20000136        0x2 build_f103/protocol_handler.o
 .bss.s_adc_tx_buf.0
                0x20000138      0x109 build_f103/protocol_handler.o
 *fill*         0x20000241        0x3 
 .bss.g_can_ctx
                0x20000244       0x50 build_f103/can_driver.o
 .bss.g_adc_buffer
                0x20000294      0x800 build_f103/adc_driver.o
 .bss.g_adc_callback
                0x20000a94        0x4 build_f103/adc_driver.o
 .bss.g_adc_config
                0x20000a98        0x8 build_f103/adc_driver.o
 .bss.g_adc_dma_handle
                0x20000aa0       0x44 build_f103/adc_driver.o
 .bss.g_adc_handle
                0x20000ae4       0x30 build_f103/adc_driver.o
 .bss.g_adc_initialized
                0x20000b14        0x1 build_f103/adc_driver.o
 .bss.g_adc_sampling
                0x20000b15        0x1 build_f103/adc_driver.o
 *fill*         0x20000b16        0x2 
 .bss.g_comm_config
                0x20000b18        0x8 build_f103/comm_driver.o
 .bss.g_comm_initialized
                0x20000b20        0x1 build_f103/comm_driver.o
 *fill*         0x20000b21        0x3 
 .bss.g_rx_buf  0x20000b24      0x100 build_f103/comm_driver.o
 .bss.g_rx_byte
                0x20000c24        0x1 build_f103/comm_driver.o
 *fill*         0x20000c25        0x1 
 .bss.g_rx_head
                0x20000c26        0x2 build_f103/comm_driver.o
 .bss.g_rx_tail
                0x20000c28        0x2 build_f103/comm_driver.o
 *fill*         0x20000c2a        0x2 
 .bss.g_uart_handle
                0x20000c2c       0x48 build_f103/comm_driver.o
 .bss.g_uptime_ms
                0x20000c74        0x4 build_f103/device_manager.o
 .bss.uwTick    0x20000c78        0x4 build_f103/stm32f1xx_hal.o
                0x20000c78                uwTick
 *(COMMON)
                0x20000c7c                . = ALIGN (0x4)
                0x20000c7c                _ebss = .
                0x20000c7c                __bss_end__ = _ebss

._user_heap_stack
                0x20000c7c      0x604 load address 0x0800390c
                0x20000c80                . = ALIGN (0x8)
 *fill*         0x20000c7c        0x4 
                [!provide]                PROVIDE (end = .)
                0x20000c80                PROVIDE (_end = .)
                0x20000e80                . = (. + _Min_Heap_Size)
 *fill*         0x20000c80      0x200 
                0x20001280                . = (. + _Min_Stack_Size)
 *fill*         0x20000e80      0x400 
                0x20001280                . = ALIGN (0x8)

/DISCARD/
 libc.a(*)
 libm.a(*)
 libgcc.a(*)
OUTPUT(build_f103/open_canoe_f103.elf elf32-littlearm)
LOAD linker stubs
LOAD d:/stm32/environment/gcc-arm-none-eabi-10.3-2021.10/bin/../lib/gcc/arm-none-eabi/10.3.1/../../../../arm-none-eabi/lib/thumb/v7-m/nofp\libc.a
LOAD d:/stm32/environment/gcc-arm-none-eabi-10.3-2021.10/bin/../lib/gcc/arm-none-eabi/10.3.1/../../../../arm-none-eabi/lib/thumb/v7-m/nofp\libm.a
LOAD d:/stm32/environment/gcc-arm-none-eabi-10.3-2021.10/bin/../lib/gcc/arm-none-eabi/10.3.1/thumb/v7-m/nofp\libgcc.a

.ARM.attributes
                0x00000000       0x29
 .ARM.attributes
                0x00000000       0x1d d:/stm32/environment/gcc-arm-none-eabi-10.3-2021.10/bin/../lib/gcc/arm-none-eabi/10.3.1/thumb/v7-m/nofp/crti.o
 .ARM.attributes
                0x0000001d       0x2d d:/stm32/environment/gcc-arm-none-eabi-10.3-2021.10/bin/../lib/gcc/arm-none-eabi/10.3.1/thumb/v7-m/nofp/crtbegin.o
 .ARM.attributes
                0x0000004a       0x2d build_f103/main.o
 .ARM.attributes
                0x00000077       0x2d build_f103/protocol_handler.o
 .ARM.attributes
                0x000000a4       0x2d build_f103/can_driver.o
 .ARM.attributes
                0x000000d1       0x2d build_f103/adc_driver.o
 .ARM.attributes
                0x000000fe       0x2d build_f103/comm_driver.o
 .ARM.attributes
                0x0000012b       0x2d build_f103/device_manager.o
 .ARM.attributes
                0x00000158       0x2d build_f103/system_stm32f1xx.o
 .ARM.attributes
                0x00000185       0x2d build_f103/stm32f1xx_hal.o
 .ARM.attributes
                0x000001b2       0x2d build_f103/stm32f1xx_hal_can.o
 .ARM.attributes
                0x000001df       0x2d build_f103/stm32f1xx_hal_adc.o
 .ARM.attributes
                0x0000020c       0x2d build_f103/stm32f1xx_hal_uart.o
 .ARM.attributes
                0x00000239       0x2d build_f103/stm32f1xx_hal_dma.o
 .ARM.attributes
                0x00000266       0x2d build_f103/stm32f1xx_hal_gpio.o
 .ARM.attributes
                0x00000293       0x2d build_f103/stm32f1xx_hal_rcc.o
 .ARM.attributes
                0x000002c0       0x2d build_f103/stm32f1xx_hal_cortex.o
 .ARM.attributes
                0x000002ed       0x21 build_f103/startup_stm32f103xb.o
 .ARM.attributes
                0x0000030e       0x2d d:/stm32/environment/gcc-arm-none-eabi-10.3-2021.10/bin/../lib/gcc/arm-none-eabi/10.3.1/../../../../arm-none-eabi/lib/thumb/v7-m/nofp\libc_nano.a(lib_a-init.o)
 .ARM.attributes
                0x0000033b       0x2d d:/stm32/environment/gcc-arm-none-eabi-10.3-2021.10/bin/../lib/gcc/arm-none-eabi/10.3.1/../../../../arm-none-eabi/lib/thumb/v7-m/nofp\libc_nano.a(lib_a-memcpy-stub.o)
 .ARM.attributes
                0x00000368       0x2d d:/stm32/environment/gcc-arm-none-eabi-10.3-2021.10/bin/../lib/gcc/arm-none-eabi/10.3.1/../../../../arm-none-eabi/lib/thumb/v7-m/nofp\libc_nano.a(lib_a-memset.o)
 .ARM.attributes
                0x00000395       0x2d d:/stm32/environment/gcc-arm-none-eabi-10.3-2021.10/bin/../lib/gcc/arm-none-eabi/10.3.1/../../../../arm-none-eabi/lib/thumb/v7-m/nofp\libc_nano.a(lib_a-strncpy.o)
 .ARM.attributes
                0x000003c2       0x1d d:/stm32/environment/gcc-arm-none-eabi-10.3-2021.10/bin/../lib/gcc/arm-none-eabi/10.3.1/thumb/v7-m/nofp/crtn.o

.comment        0x00000000       0x49
 .comment       0x00000000       0x49 build_f103/main.o
                                 0x4a (size before relaxing)
 .comment       0x00000049       0x4a build_f103/protocol_handler.o
 .comment       0x00000049       0x4a build_f103/can_driver.o
 .comment       0x00000049       0x4a build_f103/adc_driver.o
 .comment       0x00000049       0x4a build_f103/comm_driver.o
 .comment       0x00000049       0x4a build_f103/device_manager.o
 .comment       0x00000049       0x4a build_f103/system_stm32f1xx.o
 .comment       0x00000049       0x4a build_f103/stm32f1xx_hal.o
 .comment       0x00000049       0x4a build_f103/stm32f1xx_hal_can.o
 .comment       0x00000049       0x4a build_f103/stm32f1xx_hal_adc.o
 .comment       0x00000049       0x4a build_f103/stm32f1xx_hal_uart.o
 .comment       0x00000049       0x4a build_f103/stm32f1xx_hal_dma.o
 .comment       0x00000049       0x4a build_f103/stm32f1xx_hal_gpio.o
 .comment       0x00000049       0x4a build_f103/stm32f1xx_hal_rcc.o
 .comment       0x00000049       0x4a build_f103/stm32f1xx_hal_cortex.o

.debug_info     0x00000000    0x10aa9
 .debug_info    0x00000000      0xc23 build_f103/main.o
 .debug_info    0x00000c23     0x201b build_f103/protocol_handler.o
 .debug_info    0x00002c3e     0x1f6b build_f103/can_driver.o
 .debug_info    0x00004ba9      0xe79 build_f103/adc_driver.o
 .debug_info    0x00005a22      0xf21 build_f103/comm_driver.o
 .debug_info    0x00006943      0x741 build_f103/device_manager.o
 .debug_info    0x00007084      0x26e build_f103/system_stm32f1xx.o
 .debug_info    0x000072f2      0x855 build_f103/stm32f1xx_hal.o
 .debug_info    0x00007b47     0x1394 build_f103/stm32f1xx_hal_can.o
 .debug_info    0x00008edb     0x1054 build_f103/stm32f1xx_hal_adc.o
 .debug_info    0x00009f2f     0x42a4 build_f103/stm32f1xx_hal_uart.o
 .debug_info    0x0000e1d3      0x8c0 build_f103/stm32f1xx_hal_dma.o
 .debug_info    0x0000ea93      0x6d7 build_f103/stm32f1xx_hal_gpio.o
 .debug_info    0x0000f16a      0xaf0 build_f103/stm32f1xx_hal_rcc.o
 .debug_info    0x0000fc5a      0xe2d build_f103/stm32f1xx_hal_cortex.o
 .debug_info    0x00010a87       0x22 build_f103/startup_stm32f103xb.o

.debug_abbrev   0x00000000     0x26c9
 .debug_abbrev  0x00000000      0x24f build_f103/main.o
 .debug_abbrev  0x0000024f      0x375 build_f103/protocol_handler.o
 .debug_abbrev  0x000005c4      0x3cd build_f103/can_driver.o
 .debug_abbrev  0x00000991      0x2d5 build_f103/adc_driver.o
 .debug_abbrev  0x00000c66      0x2bc build_f103/comm_driver.o
 .debug_abbrev  0x00000f22      0x224 build_f103/device_manager.o
 .debug_abbrev  0x00001146      0x140 build_f103/system_stm32f1xx.o
 .debug_abbrev  0x00001286      0x1f7 build_f103/stm32f1xx_hal.o
 .debug_abbrev  0x0000147d      0x256 build_f103/stm32f1xx_hal_can.o
 .debug_abbrev  0x000016d3      0x239 build_f103/stm32f1xx_hal_adc.o
 .debug_abbrev  0x0000190c      0x334 build_f103/stm32f1xx_hal_uart.o
 .debug_abbrev  0x00001c40      0x244 build_f103/stm32f1xx_hal_dma.o
 .debug_abbrev  0x00001e84      0x222 build_f103/stm32f1xx_hal_gpio.o
 .debug_abbrev  0x000020a6      0x2b8 build_f103/stm32f1xx_hal_rcc.o
 .debug_abbrev  0x0000235e      0x359 build_f103/stm32f1xx_hal_cortex.o
 .debug_abbrev  0x000026b7       0x12 build_f103/startup_stm32f103xb.o

.debug_loc      0x00000000     0xc72a
 .debug_loc     0x00000000      0x1c2 build_f103/main.o
 .debug_loc     0x000001c2     0x160f build_f103/protocol_handler.o
 .debug_loc     0x000017d1     0x1b9a build_f103/can_driver.o
 .debug_loc     0x0000336b      0x3c7 build_f103/adc_driver.o
 .debug_loc     0x00003732      0x508 build_f103/comm_driver.o
 .debug_loc     0x00003c3a       0x8d build_f103/device_manager.o
 .debug_loc     0x00003cc7       0xff build_f103/system_stm32f1xx.o
 .debug_loc     0x00003dc6      0x1e1 build_f103/stm32f1xx_hal.o
 .debug_loc     0x00003fa7      0xee4 build_f103/stm32f1xx_hal_can.o
 .debug_loc     0x00004e8b      0xe1b build_f103/stm32f1xx_hal_adc.o
 .debug_loc     0x00005ca6     0x4d23 build_f103/stm32f1xx_hal_uart.o
 .debug_loc     0x0000a9c9      0x901 build_f103/stm32f1xx_hal_dma.o
 .debug_loc     0x0000b2ca      0x551 build_f103/stm32f1xx_hal_gpio.o
 .debug_loc     0x0000b81b      0x790 build_f103/stm32f1xx_hal_rcc.o
 .debug_loc     0x0000bfab      0x77f build_f103/stm32f1xx_hal_cortex.o

.debug_aranges  0x00000000      0xac8
 .debug_aranges
                0x00000000       0x58 build_f103/main.o
 .debug_aranges
                0x00000058       0xf0 build_f103/protocol_handler.o
 .debug_aranges
                0x00000148       0xc8 build_f103/can_driver.o
 .debug_aranges
                0x00000210       0x80 build_f103/adc_driver.o
 .debug_aranges
                0x00000290       0x80 build_f103/comm_driver.o
 .debug_aranges
                0x00000310       0x60 build_f103/device_manager.o
 .debug_aranges
                0x00000370       0x28 build_f103/system_stm32f1xx.o
 .debug_aranges
                0x00000398       0xe0 build_f103/stm32f1xx_hal.o
 .debug_aranges
                0x00000478      0x138 build_f103/stm32f1xx_hal_can.o
 .debug_aranges
                0x000005b0       0xf0 build_f103/stm32f1xx_hal_adc.o
 .debug_aranges
                0x000006a0      0x208 build_f103/stm32f1xx_hal_uart.o
 .debug_aranges
                0x000008a8       0x80 build_f103/stm32f1xx_hal_dma.o
 .debug_aranges
                0x00000928       0x58 build_f103/stm32f1xx_hal_gpio.o
 .debug_aranges
                0x00000980       0x90 build_f103/stm32f1xx_hal_rcc.o
 .debug_aranges
                0x00000a10       0x90 build_f103/stm32f1xx_hal_cortex.o
 .debug_aranges
                0x00000aa0       0x28 build_f103/startup_stm32f103xb.o

.debug_ranges   0x00000000      0xb58
 .debug_ranges  0x00000000       0x48 build_f103/main.o
 .debug_ranges  0x00000048      0x140 build_f103/protocol_handler.o
 .debug_ranges  0x00000188      0x148 build_f103/can_driver.o
 .debug_ranges  0x000002d0       0x70 build_f103/adc_driver.o
 .debug_ranges  0x00000340       0x70 build_f103/comm_driver.o
 .debug_ranges  0x000003b0       0x50 build_f103/device_manager.o
 .debug_ranges  0x00000400       0x18 build_f103/system_stm32f1xx.o
 .debug_ranges  0x00000418       0xd0 build_f103/stm32f1xx_hal.o
 .debug_ranges  0x000004e8      0x128 build_f103/stm32f1xx_hal_can.o
 .debug_ranges  0x00000610       0xe0 build_f103/stm32f1xx_hal_adc.o
 .debug_ranges  0x000006f0      0x210 build_f103/stm32f1xx_hal_uart.o
 .debug_ranges  0x00000900       0x70 build_f103/stm32f1xx_hal_dma.o
 .debug_ranges  0x00000970       0x48 build_f103/stm32f1xx_hal_gpio.o
 .debug_ranges  0x000009b8       0xa0 build_f103/stm32f1xx_hal_rcc.o
 .debug_ranges  0x00000a58       0xe0 build_f103/stm32f1xx_hal_cortex.o
 .debug_ranges  0x00000b38       0x20 build_f103/startup_stm32f103xb.o

.debug_line     0x00000000     0xbd72
 .debug_line    0x00000000      0x464 build_f103/main.o
 .debug_line    0x00000464      0xe50 build_f103/protocol_handler.o
 .debug_line    0x000012b4     0x105e build_f103/can_driver.o
 .debug_line    0x00002312      0x670 build_f103/adc_driver.o
 .debug_line    0x00002982      0x527 build_f103/comm_driver.o
 .debug_line    0x00002ea9      0x3bd build_f103/device_manager.o
 .debug_line    0x00003266      0x229 build_f103/system_stm32f1xx.o
 .debug_line    0x0000348f      0x4f3 build_f103/stm32f1xx_hal.o
 .debug_line    0x00003982     0x10bf build_f103/stm32f1xx_hal_can.o
 .debug_line    0x00004a41      0xeae build_f103/stm32f1xx_hal_adc.o
 .debug_line    0x000058ef     0x425c build_f103/stm32f1xx_hal_uart.o
 .debug_line    0x00009b4b      0xa1b build_f103/stm32f1xx_hal_dma.o
 .debug_line    0x0000a566      0x5a2 build_f103/stm32f1xx_hal_gpio.o
 .debug_line    0x0000ab08      0xbdf build_f103/stm32f1xx_hal_rcc.o
 .debug_line    0x0000b6e7      0x610 build_f103/stm32f1xx_hal_cortex.o
 .debug_line    0x0000bcf7       0x7b build_f103/startup_stm32f103xb.o

.debug_str      0x00000000     0x3ac1
 .debug_str     0x00000000      0x6bf build_f103/main.o
                                0x760 (size before relaxing)
 .debug_str     0x000006bf      0xa9a build_f103/protocol_handler.o
                                0xef6 (size before relaxing)
 .debug_str     0x00001159      0x974 build_f103/can_driver.o
                                0xe1d (size before relaxing)
 .debug_str     0x00001acd      0x46c build_f103/adc_driver.o
                                0x8ed (size before relaxing)
 .debug_str     0x00001f39      0x363 build_f103/comm_driver.o
                                0xc48 (size before relaxing)
 .debug_str     0x0000229c       0xb8 build_f103/device_manager.o
                                0x419 (size before relaxing)
 .debug_str     0x00002354       0x79 build_f103/system_stm32f1xx.o
                                0x234 (size before relaxing)
 .debug_str     0x000023cd      0x2e0 build_f103/stm32f1xx_hal.o
                                0x7f4 (size before relaxing)
 .debug_str     0x000026ad      0x3ac build_f103/stm32f1xx_hal_can.o
                                0x9f2 (size before relaxing)
 .debug_str     0x00002a59      0x2e2 build_f103/stm32f1xx_hal_adc.o
                                0x8aa (size before relaxing)
 .debug_str     0x00002d3b      0x61a build_f103/stm32f1xx_hal_uart.o
                                0xcc4 (size before relaxing)
 .debug_str     0x00003355      0x1c3 build_f103/stm32f1xx_hal_dma.o
                                0x5cd (size before relaxing)
 .debug_str     0x00003518       0xfd build_f103/stm32f1xx_hal_gpio.o
                                0x3d0 (size before relaxing)
 .debug_str     0x00003615      0x182 build_f103/stm32f1xx_hal_rcc.o
                                0x5fb (size before relaxing)
 .debug_str     0x00003797      0x2ff build_f103/stm32f1xx_hal_cortex.o
                                0x8a3 (size before relaxing)
 .debug_str     0x00003a96       0x2b build_f103/startup_stm32f103xb.o
                                 0x5c (size before relaxing)

.debug_frame    0x00000000     0x1e00
 .debug_frame   0x00000000       0xe4 build_f103/main.o
 .debug_frame   0x000000e4      0x370 build_f103/protocol_handler.o
 .debug_frame   0x00000454      0x374 build_f103/can_driver.o
 .debug_frame   0x000007c8      0x16c build_f103/adc_driver.o
 .debug_frame   0x00000934      0x148 build_f103/comm_driver.o
 .debug_frame   0x00000a7c       0xac build_f103/device_manager.o
 .debug_frame   0x00000b28       0x30 build_f103/system_stm32f1xx.o
 .debug_frame   0x00000b58      0x1cc build_f103/stm32f1xx_hal.o
 .debug_frame   0x00000d24      0x2d4 build_f103/stm32f1xx_hal_can.o
 .debug_frame   0x00000ff8      0x2c8 build_f103/stm32f1xx_hal_adc.o
 .debug_frame   0x000012c0      0x5e0 build_f103/stm32f1xx_hal_uart.o
 .debug_frame   0x000018a0      0x144 build_f103/stm32f1xx_hal_dma.o
 .debug_frame   0x000019e4       0xe4 build_f103/stm32f1xx_hal_gpio.o
 .debug_frame   0x00001ac8      0x184 build_f103/stm32f1xx_hal_rcc.o
 .debug_frame   0x00001c4c      0x118 build_f103/stm32f1xx_hal_cortex.o
 .debug_frame   0x00001d64       0x2c d:/stm32/environment/gcc-arm-none-eabi-10.3-2021.10/bin/../lib/gcc/arm-none-eabi/10.3.1/../../../../arm-none-eabi/lib/thumb/v7-m/nofp\libc_nano.a(lib_a-init.o)
 .debug_frame   0x00001d90       0x28 d:/stm32/environment/gcc-arm-none-eabi-10.3-2021.10/bin/../lib/gcc/arm-none-eabi/10.3.1/../../../../arm-none-eabi/lib/thumb/v7-m/nofp\libc_nano.a(lib_a-memcpy-stub.o)
 .debug_frame   0x00001db8       0x20 d:/stm32/environment/gcc-arm-none-eabi-10.3-2021.10/bin/../lib/gcc/arm-none-eabi/10.3.1/../../../../arm-none-eabi/lib/thumb/v7-m/nofp\libc_nano.a(lib_a-memset.o)
 .debug_frame   0x00001dd8       0x28 d:/stm32/environment/gcc-arm-none-eabi-10.3-2021.10/bin/../lib/gcc/arm-none-eabi/10.3.1/../../../../arm-none-eabi/lib/thumb/v7-m/nofp\libc_nano.a(lib_a-strncpy.o)

Cross Reference Table

Symbol                                            File
ADC1_2_IRQHandler                                 build_f103/startup_stm32f103xb.o
ADC_ConversionStop_Disable                        build_f103/stm32f1xx_hal_adc.o
ADC_DMAConvCplt                                   build_f103/stm32f1xx_hal_adc.o
ADC_DMAError                                      build_f103/stm32f1xx_hal_adc.o
ADC_DMAHalfConvCplt                               build_f103/stm32f1xx_hal_adc.o
ADC_Enable                                        build_f103/stm32f1xx_hal_adc.o
AHBPrescTable                                     build_f103/system_stm32f1xx.o
                                                  build_f103/stm32f1xx_hal_rcc.o
APBPrescTable                                     build_f103/system_stm32f1xx.o
                                                  build_f103/stm32f1xx_hal_rcc.o
BusFault_Handler                                  build_f103/startup_stm32f103xb.o
CAN1_RX1_IRQHandler                               build_f103/startup_stm32f103xb.o
CAN1_SCE_IRQHandler                               build_f103/startup_stm32f103xb.o
DMA1_Channel1_IRQHandler                          build_f103/startup_stm32f103xb.o
DMA1_Channel2_IRQHandler                          build_f103/startup_stm32f103xb.o
DMA1_Channel3_IRQHandler                          build_f103/startup_stm32f103xb.o
DMA1_Channel4_IRQHandler                          build_f103/startup_stm32f103xb.o
DMA1_Channel5_IRQHandler                          build_f103/startup_stm32f103xb.o
DMA1_Channel6_IRQHandler                          build_f103/startup_stm32f103xb.o
DMA1_Channel7_IRQHandler                          build_f103/startup_stm32f103xb.o
DebugMon_Handler                                  build_f103/startup_stm32f103xb.o
Default_Handler                                   build_f103/startup_stm32f103xb.o
EXTI0_IRQHandler                                  build_f103/startup_stm32f103xb.o
EXTI15_10_IRQHandler                              build_f103/startup_stm32f103xb.o
EXTI1_IRQHandler                                  build_f103/startup_stm32f103xb.o
EXTI2_IRQHandler                                  build_f103/startup_stm32f103xb.o
EXTI3_IRQHandler                                  build_f103/startup_stm32f103xb.o
EXTI4_IRQHandler                                  build_f103/startup_stm32f103xb.o
EXTI9_5_IRQHandler                                build_f103/startup_stm32f103xb.o
FLASH_IRQHandler                                  build_f103/startup_stm32f103xb.o
FLASH_PageErase                                   build_f103/stm32f1xx_hal_flash_ex.o
                                                  build_f103/stm32f1xx_hal_flash.o
FLASH_WaitForLastOperation                        build_f103/stm32f1xx_hal_flash.o
                                                  build_f103/stm32f1xx_hal_flash_ex.o
HAL_ADCEx_InjectedConvCpltCallback                build_f103/stm32f1xx_hal_adc.o
HAL_ADC_AnalogWDGConfig                           build_f103/stm32f1xx_hal_adc.o
HAL_ADC_ConfigChannel                             build_f103/stm32f1xx_hal_adc.o
                                                  build_f103/adc_driver.o
HAL_ADC_ConvCpltCallback                          build_f103/adc_driver.o
HAL_ADC_ConvHalfCpltCallback                      build_f103/adc_driver.o
HAL_ADC_DeInit                                    build_f103/stm32f1xx_hal_adc.o
                                                  build_f103/adc_driver.o
HAL_ADC_ErrorCallback                             build_f103/stm32f1xx_hal_adc.o
HAL_ADC_GetError                                  build_f103/stm32f1xx_hal_adc.o
HAL_ADC_GetState                                  build_f103/stm32f1xx_hal_adc.o
HAL_ADC_GetValue                                  build_f103/stm32f1xx_hal_adc.o
HAL_ADC_IRQHandler                                build_f103/stm32f1xx_hal_adc.o
HAL_ADC_Init                                      build_f103/stm32f1xx_hal_adc.o
                                                  build_f103/adc_driver.o
HAL_ADC_LevelOutOfWindowCallback                  build_f103/stm32f1xx_hal_adc.o
HAL_ADC_MspDeInit                                 build_f103/stm32f1xx_hal_adc.o
HAL_ADC_MspInit                                   build_f103/stm32f1xx_hal_adc.o
HAL_ADC_PollForConversion                         build_f103/stm32f1xx_hal_adc.o
HAL_ADC_PollForEvent                              build_f103/stm32f1xx_hal_adc.o
HAL_ADC_Start                                     build_f103/stm32f1xx_hal_adc.o
HAL_ADC_Start_DMA                                 build_f103/stm32f1xx_hal_adc.o
                                                  build_f103/adc_driver.o
HAL_ADC_Start_IT                                  build_f103/stm32f1xx_hal_adc.o
HAL_ADC_Stop                                      build_f103/stm32f1xx_hal_adc.o
HAL_ADC_Stop_DMA                                  build_f103/stm32f1xx_hal_adc.o
                                                  build_f103/adc_driver.o
HAL_ADC_Stop_IT                                   build_f103/stm32f1xx_hal_adc.o
HAL_CAN_AbortTxRequest                            build_f103/stm32f1xx_hal_can.o
HAL_CAN_ActivateNotification                      build_f103/stm32f1xx_hal_can.o
                                                  build_f103/can_driver.o
HAL_CAN_AddTxMessage                              build_f103/stm32f1xx_hal_can.o
                                                  build_f103/can_driver.o
HAL_CAN_ConfigFilter                              build_f103/stm32f1xx_hal_can.o
                                                  build_f103/can_driver.o
HAL_CAN_DeInit                                    build_f103/stm32f1xx_hal_can.o
                                                  build_f103/can_driver.o
HAL_CAN_DeactivateNotification                    build_f103/stm32f1xx_hal_can.o
                                                  build_f103/can_driver.o
HAL_CAN_ErrorCallback                             build_f103/stm32f1xx_hal_can.o
HAL_CAN_GetError                                  build_f103/stm32f1xx_hal_can.o
HAL_CAN_GetRxFifoFillLevel                        build_f103/stm32f1xx_hal_can.o
HAL_CAN_GetRxMessage                              build_f103/stm32f1xx_hal_can.o
                                                  build_f103/can_driver.o
HAL_CAN_GetState                                  build_f103/stm32f1xx_hal_can.o
HAL_CAN_GetTxMailboxesFreeLevel                   build_f103/stm32f1xx_hal_can.o
HAL_CAN_GetTxTimestamp                            build_f103/stm32f1xx_hal_can.o
HAL_CAN_IRQHandler                                build_f103/stm32f1xx_hal_can.o
                                                  build_f103/can_driver.o
HAL_CAN_Init                                      build_f103/stm32f1xx_hal_can.o
                                                  build_f103/can_driver.o
HAL_CAN_IsSleepActive                             build_f103/stm32f1xx_hal_can.o
HAL_CAN_IsTxMessagePending                        build_f103/stm32f1xx_hal_can.o
HAL_CAN_MspDeInit                                 build_f103/stm32f1xx_hal_can.o
HAL_CAN_MspInit                                   build_f103/stm32f1xx_hal_can.o
HAL_CAN_RequestSleep                              build_f103/stm32f1xx_hal_can.o
HAL_CAN_ResetError                                build_f103/stm32f1xx_hal_can.o
HAL_CAN_RxFifo0FullCallback                       build_f103/stm32f1xx_hal_can.o
HAL_CAN_RxFifo0MsgPendingCallback                 build_f103/stm32f1xx_hal_can.o
HAL_CAN_RxFifo1FullCallback                       build_f103/stm32f1xx_hal_can.o
HAL_CAN_RxFifo1MsgPendingCallback                 build_f103/stm32f1xx_hal_can.o
HAL_CAN_SleepCallback                             build_f103/stm32f1xx_hal_can.o
HAL_CAN_Start                                     build_f103/stm32f1xx_hal_can.o
                                                  build_f103/can_driver.o
HAL_CAN_Stop                                      build_f103/stm32f1xx_hal_can.o
                                                  build_f103/can_driver.o
HAL_CAN_TxMailbox0AbortCallback                   build_f103/stm32f1xx_hal_can.o
HAL_CAN_TxMailbox0CompleteCallback                build_f103/stm32f1xx_hal_can.o
HAL_CAN_TxMailbox1AbortCallback                   build_f103/stm32f1xx_hal_can.o
HAL_CAN_TxMailbox1CompleteCallback                build_f103/stm32f1xx_hal_can.o
HAL_CAN_TxMailbox2AbortCallback                   build_f103/stm32f1xx_hal_can.o
HAL_CAN_TxMailbox2CompleteCallback                build_f103/stm32f1xx_hal_can.o
HAL_CAN_WakeUp                                    build_f103/stm32f1xx_hal_can.o
HAL_CAN_WakeUpFromRxMsgCallback                   build_f103/stm32f1xx_hal_can.o
HAL_DBGMCU_DisableDBGSleepMode                    build_f103/stm32f1xx_hal.o
HAL_DBGMCU_DisableDBGStandbyMode                  build_f103/stm32f1xx_hal.o
HAL_DBGMCU_DisableDBGStopMode                     build_f103/stm32f1xx_hal.o
HAL_DBGMCU_EnableDBGSleepMode                     build_f103/stm32f1xx_hal.o
HAL_DBGMCU_EnableDBGStandbyMode                   build_f103/stm32f1xx_hal.o
HAL_DBGMCU_EnableDBGStopMode                      build_f103/stm32f1xx_hal.o
HAL_DMA_Abort                                     build_f103/stm32f1xx_hal_dma.o
                                                  build_f103/stm32f1xx_hal_usart.o
                                                  build_f103/stm32f1xx_hal_uart.o
                                                  build_f103/stm32f1xx_hal_adc.o
HAL_DMA_Abort_IT                                  build_f103/stm32f1xx_hal_dma.o
                                                  build_f103/stm32f1xx_hal_tim.o
                                                  build_f103/stm32f1xx_hal_usart.o
                                                  build_f103/stm32f1xx_hal_uart.o
HAL_DMA_DeInit                                    build_f103/stm32f1xx_hal_dma.o
                                                  build_f103/adc_driver.o
HAL_DMA_GetError                                  build_f103/stm32f1xx_hal_dma.o
                                                  build_f103/stm32f1xx_hal_uart.o
HAL_DMA_GetState                                  build_f103/stm32f1xx_hal_dma.o
HAL_DMA_IRQHandler                                build_f103/stm32f1xx_hal_dma.o
HAL_DMA_Init                                      build_f103/stm32f1xx_hal_dma.o
                                                  build_f103/adc_driver.o
HAL_DMA_PollForTransfer                           build_f103/stm32f1xx_hal_dma.o
HAL_DMA_RegisterCallback                          build_f103/stm32f1xx_hal_dma.o
HAL_DMA_Start                                     build_f103/stm32f1xx_hal_dma.o
HAL_DMA_Start_IT                                  build_f103/stm32f1xx_hal_dma.o
                                                  build_f103/stm32f1xx_hal_tim.o
                                                  build_f103/stm32f1xx_hal_usart.o
                                                  build_f103/stm32f1xx_hal_uart.o
                                                  build_f103/stm32f1xx_hal_adc.o
HAL_DMA_UnRegisterCallback                        build_f103/stm32f1xx_hal_dma.o
HAL_DeInit                                        build_f103/stm32f1xx_hal.o
HAL_Delay                                         build_f103/stm32f1xx_hal.o
HAL_EXTI_ClearConfigLine                          build_f103/stm32f1xx_hal_exti.o
HAL_EXTI_ClearPending                             build_f103/stm32f1xx_hal_exti.o
HAL_EXTI_GenerateSWI                              build_f103/stm32f1xx_hal_exti.o
HAL_EXTI_GetConfigLine                            build_f103/stm32f1xx_hal_exti.o
HAL_EXTI_GetHandle                                build_f103/stm32f1xx_hal_exti.o
HAL_EXTI_GetPending                               build_f103/stm32f1xx_hal_exti.o
HAL_EXTI_IRQHandler                               build_f103/stm32f1xx_hal_exti.o
HAL_EXTI_RegisterCallback                         build_f103/stm32f1xx_hal_exti.o
HAL_EXTI_SetConfigLine                            build_f103/stm32f1xx_hal_exti.o
HAL_FLASHEx_Erase                                 build_f103/stm32f1xx_hal_flash_ex.o
HAL_FLASHEx_Erase_IT                              build_f103/stm32f1xx_hal_flash_ex.o
HAL_FLASHEx_OBErase                               build_f103/stm32f1xx_hal_flash_ex.o
HAL_FLASHEx_OBGetConfig                           build_f103/stm32f1xx_hal_flash_ex.o
HAL_FLASHEx_OBGetUserData                         build_f103/stm32f1xx_hal_flash_ex.o
HAL_FLASHEx_OBProgram                             build_f103/stm32f1xx_hal_flash_ex.o
HAL_FLASH_EndOfOperationCallback                  build_f103/stm32f1xx_hal_flash.o
HAL_FLASH_GetError                                build_f103/stm32f1xx_hal_flash.o
HAL_FLASH_IRQHandler                              build_f103/stm32f1xx_hal_flash.o
HAL_FLASH_Lock                                    build_f103/stm32f1xx_hal_flash.o
HAL_FLASH_OB_Launch                               build_f103/stm32f1xx_hal_flash.o
HAL_FLASH_OB_Lock                                 build_f103/stm32f1xx_hal_flash.o
HAL_FLASH_OB_Unlock                               build_f103/stm32f1xx_hal_flash.o
HAL_FLASH_OperationErrorCallback                  build_f103/stm32f1xx_hal_flash.o
HAL_FLASH_Program                                 build_f103/stm32f1xx_hal_flash.o
HAL_FLASH_Program_IT                              build_f103/stm32f1xx_hal_flash.o
HAL_FLASH_Unlock                                  build_f103/stm32f1xx_hal_flash.o
HAL_GPIOEx_ConfigEventout                         build_f103/stm32f1xx_hal_gpio_ex.o
HAL_GPIOEx_DisableEventout                        build_f103/stm32f1xx_hal_gpio_ex.o
HAL_GPIOEx_EnableEventout                         build_f103/stm32f1xx_hal_gpio_ex.o
HAL_GPIO_DeInit                                   build_f103/stm32f1xx_hal_gpio.o
HAL_GPIO_EXTI_Callback                            build_f103/stm32f1xx_hal_gpio.o
HAL_GPIO_EXTI_IRQHandler                          build_f103/stm32f1xx_hal_gpio.o
HAL_GPIO_Init                                     build_f103/stm32f1xx_hal_gpio.o
                                                  build_f103/stm32f1xx_hal_rcc.o
                                                  build_f103/comm_driver.o
                                                  build_f103/adc_driver.o
                                                  build_f103/can_driver.o
                                                  build_f103/main.o
HAL_GPIO_LockPin                                  build_f103/stm32f1xx_hal_gpio.o
HAL_GPIO_ReadPin                                  build_f103/stm32f1xx_hal_gpio.o
HAL_GPIO_TogglePin                                build_f103/stm32f1xx_hal_gpio.o
                                                  build_f103/main.o
HAL_GPIO_WritePin                                 build_f103/stm32f1xx_hal_gpio.o
                                                  build_f103/main.o
HAL_GetDEVID                                      build_f103/stm32f1xx_hal.o
HAL_GetHalVersion                                 build_f103/stm32f1xx_hal.o
HAL_GetREVID                                      build_f103/stm32f1xx_hal.o
HAL_GetTick                                       build_f103/stm32f1xx_hal.o
                                                  build_f103/stm32f1xx_hal_flash.o
                                                  build_f103/stm32f1xx_hal_rcc_ex.o
                                                  build_f103/stm32f1xx_hal_rcc.o
                                                  build_f103/stm32f1xx_hal_dma.o
                                                  build_f103/stm32f1xx_hal_usart.o
                                                  build_f103/stm32f1xx_hal_uart.o
                                                  build_f103/stm32f1xx_hal_adc.o
                                                  build_f103/stm32f1xx_hal_can.o
HAL_GetTickFreq                                   build_f103/stm32f1xx_hal.o
HAL_GetTickPrio                                   build_f103/stm32f1xx_hal.o
HAL_GetUIDw0                                      build_f103/stm32f1xx_hal.o
HAL_GetUIDw1                                      build_f103/stm32f1xx_hal.o
HAL_GetUIDw2                                      build_f103/stm32f1xx_hal.o
HAL_HalfDuplex_EnableReceiver                     build_f103/stm32f1xx_hal_uart.o
HAL_HalfDuplex_EnableTransmitter                  build_f103/stm32f1xx_hal_uart.o
HAL_HalfDuplex_Init                               build_f103/stm32f1xx_hal_uart.o
HAL_IncTick                                       build_f103/stm32f1xx_hal.o
                                                  build_f103/main.o
HAL_Init                                          build_f103/stm32f1xx_hal.o
                                                  build_f103/main.o
HAL_InitTick                                      build_f103/stm32f1xx_hal.o
                                                  build_f103/stm32f1xx_hal_rcc.o
HAL_LIN_Init                                      build_f103/stm32f1xx_hal_uart.o
HAL_LIN_SendBreak                                 build_f103/stm32f1xx_hal_uart.o
HAL_MspDeInit                                     build_f103/stm32f1xx_hal.o
HAL_MspInit                                       build_f103/stm32f1xx_hal.o
HAL_MultiProcessor_EnterMuteMode                  build_f103/stm32f1xx_hal_uart.o
HAL_MultiProcessor_ExitMuteMode                   build_f103/stm32f1xx_hal_uart.o
HAL_MultiProcessor_Init                           build_f103/stm32f1xx_hal_uart.o
HAL_NVIC_ClearPendingIRQ                          build_f103/stm32f1xx_hal_cortex.o
HAL_NVIC_DisableIRQ                               build_f103/stm32f1xx_hal_cortex.o
HAL_NVIC_EnableIRQ                                build_f103/stm32f1xx_hal_cortex.o
                                                  build_f103/comm_driver.o
                                                  build_f103/can_driver.o
HAL_NVIC_GetActive                                build_f103/stm32f1xx_hal_cortex.o
HAL_NVIC_GetPendingIRQ                            build_f103/stm32f1xx_hal_cortex.o
HAL_NVIC_GetPriority                              build_f103/stm32f1xx_hal_cortex.o
HAL_NVIC_GetPriorityGrouping                      build_f103/stm32f1xx_hal_cortex.o
HAL_NVIC_SetPendingIRQ                            build_f103/stm32f1xx_hal_cortex.o
HAL_NVIC_SetPriority                              build_f103/stm32f1xx_hal_cortex.o
                                                  build_f103/stm32f1xx_hal.o
                                                  build_f103/comm_driver.o
                                                  build_f103/can_driver.o
HAL_NVIC_SetPriorityGrouping                      build_f103/stm32f1xx_hal_cortex.o
                                                  build_f103/stm32f1xx_hal.o
HAL_NVIC_SystemReset                              build_f103/stm32f1xx_hal_cortex.o
                                                  build_f103/stm32f1xx_hal_flash.o
HAL_PWR_ConfigPVD                                 build_f103/stm32f1xx_hal_pwr.o
HAL_PWR_DeInit                                    build_f103/stm32f1xx_hal_pwr.o
HAL_PWR_DisableBkUpAccess                         build_f103/stm32f1xx_hal_pwr.o
HAL_PWR_DisablePVD                                build_f103/stm32f1xx_hal_pwr.o
HAL_PWR_DisableSEVOnPend                          build_f103/stm32f1xx_hal_pwr.o
HAL_PWR_DisableSleepOnExit                        build_f103/stm32f1xx_hal_pwr.o
HAL_PWR_DisableWakeUpPin                          build_f103/stm32f1xx_hal_pwr.o
HAL_PWR_EnableBkUpAccess                          build_f103/stm32f1xx_hal_pwr.o
HAL_PWR_EnablePVD                                 build_f103/stm32f1xx_hal_pwr.o
HAL_PWR_EnableSEVOnPend                           build_f103/stm32f1xx_hal_pwr.o
HAL_PWR_EnableSleepOnExit                         build_f103/stm32f1xx_hal_pwr.o
HAL_PWR_EnableWakeUpPin                           build_f103/stm32f1xx_hal_pwr.o
HAL_PWR_EnterSLEEPMode                            build_f103/stm32f1xx_hal_pwr.o
HAL_PWR_EnterSTANDBYMode                          build_f103/stm32f1xx_hal_pwr.o
HAL_PWR_EnterSTOPMode                             build_f103/stm32f1xx_hal_pwr.o
HAL_PWR_PVDCallback                               build_f103/stm32f1xx_hal_pwr.o
HAL_PWR_PVD_IRQHandler                            build_f103/stm32f1xx_hal_pwr.o
HAL_RCCEx_GetPeriphCLKConfig                      build_f103/stm32f1xx_hal_rcc_ex.o
HAL_RCCEx_GetPeriphCLKFreq                        build_f103/stm32f1xx_hal_rcc_ex.o
                                                  build_f103/stm32f1xx_hal_adc.o
HAL_RCCEx_PeriphCLKConfig                         build_f103/stm32f1xx_hal_rcc_ex.o
HAL_RCC_CSSCallback                               build_f103/stm32f1xx_hal_rcc.o
HAL_RCC_ClockConfig                               build_f103/stm32f1xx_hal_rcc.o
                                                  build_f103/main.o
HAL_RCC_DeInit                                    build_f103/stm32f1xx_hal_rcc.o
HAL_RCC_DisableCSS                                build_f103/stm32f1xx_hal_rcc.o
HAL_RCC_EnableCSS                                 build_f103/stm32f1xx_hal_rcc.o
HAL_RCC_GetClockConfig                            build_f103/stm32f1xx_hal_rcc.o
HAL_RCC_GetHCLKFreq                               build_f103/stm32f1xx_hal_rcc.o
                                                  build_f103/main.o
HAL_RCC_GetOscConfig                              build_f103/stm32f1xx_hal_rcc.o
HAL_RCC_GetPCLK1Freq                              build_f103/stm32f1xx_hal_rcc.o
                                                  build_f103/stm32f1xx_hal_usart.o
                                                  build_f103/stm32f1xx_hal_uart.o
HAL_RCC_GetPCLK2Freq                              build_f103/stm32f1xx_hal_rcc.o
                                                  build_f103/stm32f1xx_hal_rcc_ex.o
                                                  build_f103/stm32f1xx_hal_usart.o
                                                  build_f103/stm32f1xx_hal_uart.o
HAL_RCC_GetSysClockFreq                           build_f103/stm32f1xx_hal_rcc.o
HAL_RCC_MCOConfig                                 build_f103/stm32f1xx_hal_rcc.o
HAL_RCC_NMI_IRQHandler                            build_f103/stm32f1xx_hal_rcc.o
HAL_RCC_OscConfig                                 build_f103/stm32f1xx_hal_rcc.o
                                                  build_f103/main.o
HAL_ResumeTick                                    build_f103/stm32f1xx_hal.o
HAL_SYSTICK_CLKSourceConfig                       build_f103/stm32f1xx_hal_cortex.o
                                                  build_f103/main.o
HAL_SYSTICK_Callback                              build_f103/stm32f1xx_hal_cortex.o
HAL_SYSTICK_Config                                build_f103/stm32f1xx_hal_cortex.o
                                                  build_f103/stm32f1xx_hal.o
                                                  build_f103/main.o
HAL_SYSTICK_IRQHandler                            build_f103/stm32f1xx_hal_cortex.o
HAL_SetTickFreq                                   build_f103/stm32f1xx_hal.o
HAL_SuspendTick                                   build_f103/stm32f1xx_hal.o
HAL_TIMEx_BreakCallback                           build_f103/stm32f1xx_hal_tim.o
HAL_TIMEx_CommutCallback                          build_f103/stm32f1xx_hal_tim.o
HAL_TIM_Base_DeInit                               build_f103/stm32f1xx_hal_tim.o
HAL_TIM_Base_GetState                             build_f103/stm32f1xx_hal_tim.o
HAL_TIM_Base_Init                                 build_f103/stm32f1xx_hal_tim.o
HAL_TIM_Base_MspDeInit                            build_f103/stm32f1xx_hal_tim.o
HAL_TIM_Base_MspInit                              build_f103/stm32f1xx_hal_tim.o
HAL_TIM_Base_Start                                build_f103/stm32f1xx_hal_tim.o
HAL_TIM_Base_Start_DMA                            build_f103/stm32f1xx_hal_tim.o
HAL_TIM_Base_Start_IT                             build_f103/stm32f1xx_hal_tim.o
HAL_TIM_Base_Stop                                 build_f103/stm32f1xx_hal_tim.o
HAL_TIM_Base_Stop_DMA                             build_f103/stm32f1xx_hal_tim.o
HAL_TIM_Base_Stop_IT                              build_f103/stm32f1xx_hal_tim.o
HAL_TIM_ConfigClockSource                         build_f103/stm32f1xx_hal_tim.o
HAL_TIM_ConfigOCrefClear                          build_f103/stm32f1xx_hal_tim.o
HAL_TIM_ConfigTI1Input                            build_f103/stm32f1xx_hal_tim.o
HAL_TIM_DMABurstState                             build_f103/stm32f1xx_hal_tim.o
HAL_TIM_DMABurst_MultiReadStart                   build_f103/stm32f1xx_hal_tim.o
HAL_TIM_DMABurst_MultiWriteStart                  build_f103/stm32f1xx_hal_tim.o
HAL_TIM_DMABurst_ReadStart                        build_f103/stm32f1xx_hal_tim.o
HAL_TIM_DMABurst_ReadStop                         build_f103/stm32f1xx_hal_tim.o
HAL_TIM_DMABurst_WriteStart                       build_f103/stm32f1xx_hal_tim.o
HAL_TIM_DMABurst_WriteStop                        build_f103/stm32f1xx_hal_tim.o
HAL_TIM_Encoder_DeInit                            build_f103/stm32f1xx_hal_tim.o
HAL_TIM_Encoder_GetState                          build_f103/stm32f1xx_hal_tim.o
HAL_TIM_Encoder_Init                              build_f103/stm32f1xx_hal_tim.o
HAL_TIM_Encoder_MspDeInit                         build_f103/stm32f1xx_hal_tim.o
HAL_TIM_Encoder_MspInit                           build_f103/stm32f1xx_hal_tim.o
HAL_TIM_Encoder_Start                             build_f103/stm32f1xx_hal_tim.o
HAL_TIM_Encoder_Start_DMA                         build_f103/stm32f1xx_hal_tim.o
HAL_TIM_Encoder_Start_IT                          build_f103/stm32f1xx_hal_tim.o
HAL_TIM_Encoder_Stop                              build_f103/stm32f1xx_hal_tim.o
HAL_TIM_Encoder_Stop_DMA                          build_f103/stm32f1xx_hal_tim.o
HAL_TIM_Encoder_Stop_IT                           build_f103/stm32f1xx_hal_tim.o
HAL_TIM_ErrorCallback                             build_f103/stm32f1xx_hal_tim.o
HAL_TIM_GenerateEvent                             build_f103/stm32f1xx_hal_tim.o
HAL_TIM_GetActiveChannel                          build_f103/stm32f1xx_hal_tim.o
HAL_TIM_GetChannelState                           build_f103/stm32f1xx_hal_tim.o
HAL_TIM_IC_CaptureCallback                        build_f103/stm32f1xx_hal_tim.o
HAL_TIM_IC_CaptureHalfCpltCallback                build_f103/stm32f1xx_hal_tim.o
HAL_TIM_IC_ConfigChannel                          build_f103/stm32f1xx_hal_tim.o
HAL_TIM_IC_DeInit                                 build_f103/stm32f1xx_hal_tim.o
HAL_TIM_IC_GetState                               build_f103/stm32f1xx_hal_tim.o
HAL_TIM_IC_Init                                   build_f103/stm32f1xx_hal_tim.o
HAL_TIM_IC_MspDeInit                              build_f103/stm32f1xx_hal_tim.o
HAL_TIM_IC_MspInit                                build_f103/stm32f1xx_hal_tim.o
HAL_TIM_IC_Start                                  build_f103/stm32f1xx_hal_tim.o
HAL_TIM_IC_Start_DMA                              build_f103/stm32f1xx_hal_tim.o
HAL_TIM_IC_Start_IT                               build_f103/stm32f1xx_hal_tim.o
HAL_TIM_IC_Stop                                   build_f103/stm32f1xx_hal_tim.o
HAL_TIM_IC_Stop_DMA                               build_f103/stm32f1xx_hal_tim.o
HAL_TIM_IC_Stop_IT                                build_f103/stm32f1xx_hal_tim.o
HAL_TIM_IRQHandler                                build_f103/stm32f1xx_hal_tim.o
HAL_TIM_OC_ConfigChannel                          build_f103/stm32f1xx_hal_tim.o
HAL_TIM_OC_DeInit                                 build_f103/stm32f1xx_hal_tim.o
HAL_TIM_OC_DelayElapsedCallback                   build_f103/stm32f1xx_hal_tim.o
HAL_TIM_OC_GetState                               build_f103/stm32f1xx_hal_tim.o
HAL_TIM_OC_Init                                   build_f103/stm32f1xx_hal_tim.o
HAL_TIM_OC_MspDeInit                              build_f103/stm32f1xx_hal_tim.o
HAL_TIM_OC_MspInit                                build_f103/stm32f1xx_hal_tim.o
HAL_TIM_OC_Start                                  build_f103/stm32f1xx_hal_tim.o
HAL_TIM_OC_Start_DMA                              build_f103/stm32f1xx_hal_tim.o
HAL_TIM_OC_Start_IT                               build_f103/stm32f1xx_hal_tim.o
HAL_TIM_OC_Stop                                   build_f103/stm32f1xx_hal_tim.o
HAL_TIM_OC_Stop_DMA                               build_f103/stm32f1xx_hal_tim.o
HAL_TIM_OC_Stop_IT                                build_f103/stm32f1xx_hal_tim.o
HAL_TIM_OnePulse_ConfigChannel                    build_f103/stm32f1xx_hal_tim.o
HAL_TIM_OnePulse_DeInit                           build_f103/stm32f1xx_hal_tim.o
HAL_TIM_OnePulse_GetState                         build_f103/stm32f1xx_hal_tim.o
HAL_TIM_OnePulse_Init                             build_f103/stm32f1xx_hal_tim.o
HAL_TIM_OnePulse_MspDeInit                        build_f103/stm32f1xx_hal_tim.o
HAL_TIM_OnePulse_MspInit                          build_f103/stm32f1xx_hal_tim.o
HAL_TIM_OnePulse_Start                            build_f103/stm32f1xx_hal_tim.o
HAL_TIM_OnePulse_Start_IT                         build_f103/stm32f1xx_hal_tim.o
HAL_TIM_OnePulse_Stop                             build_f103/stm32f1xx_hal_tim.o
HAL_TIM_OnePulse_Stop_IT                          build_f103/stm32f1xx_hal_tim.o
HAL_TIM_PWM_ConfigChannel                         build_f103/stm32f1xx_hal_tim.o
HAL_TIM_PWM_DeInit                                build_f103/stm32f1xx_hal_tim.o
HAL_TIM_PWM_GetState                              build_f103/stm32f1xx_hal_tim.o
HAL_TIM_PWM_Init                                  build_f103/stm32f1xx_hal_tim.o
HAL_TIM_PWM_MspDeInit                             build_f103/stm32f1xx_hal_tim.o
HAL_TIM_PWM_MspInit                               build_f103/stm32f1xx_hal_tim.o
HAL_TIM_PWM_PulseFinishedCallback                 build_f103/stm32f1xx_hal_tim.o
HAL_TIM_PWM_PulseFinishedHalfCpltCallback         build_f103/stm32f1xx_hal_tim.o
HAL_TIM_PWM_Start                                 build_f103/stm32f1xx_hal_tim.o
HAL_TIM_PWM_Start_DMA                             build_f103/stm32f1xx_hal_tim.o
HAL_TIM_PWM_Start_IT                              build_f103/stm32f1xx_hal_tim.o
HAL_TIM_PWM_Stop                                  build_f103/stm32f1xx_hal_tim.o
HAL_TIM_PWM_Stop_DMA                              build_f103/stm32f1xx_hal_tim.o
HAL_TIM_PWM_Stop_IT                               build_f103/stm32f1xx_hal_tim.o
HAL_TIM_PeriodElapsedCallback                     build_f103/stm32f1xx_hal_tim.o
HAL_TIM_PeriodElapsedHalfCpltCallback             build_f103/stm32f1xx_hal_tim.o
HAL_TIM_ReadCapturedValue                         build_f103/stm32f1xx_hal_tim.o
HAL_TIM_SlaveConfigSynchro                        build_f103/stm32f1xx_hal_tim.o
HAL_TIM_SlaveConfigSynchro_IT                     build_f103/stm32f1xx_hal_tim.o
HAL_TIM_TriggerCallback                           build_f103/stm32f1xx_hal_tim.o
HAL_TIM_TriggerHalfCpltCallback                   build_f103/stm32f1xx_hal_tim.o
HAL_UARTEx_GetRxEventType                         build_f103/stm32f1xx_hal_uart.o
HAL_UARTEx_ReceiveToIdle                          build_f103/stm32f1xx_hal_uart.o
HAL_UARTEx_ReceiveToIdle_DMA                      build_f103/stm32f1xx_hal_uart.o
HAL_UARTEx_ReceiveToIdle_IT                       build_f103/stm32f1xx_hal_uart.o
HAL_UARTEx_RxEventCallback                        build_f103/stm32f1xx_hal_uart.o
HAL_UART_Abort                                    build_f103/stm32f1xx_hal_uart.o
HAL_UART_AbortCpltCallback                        build_f103/stm32f1xx_hal_uart.o
HAL_UART_AbortReceive                             build_f103/stm32f1xx_hal_uart.o
HAL_UART_AbortReceiveCpltCallback                 build_f103/stm32f1xx_hal_uart.o
HAL_UART_AbortReceive_IT                          build_f103/stm32f1xx_hal_uart.o
HAL_UART_AbortTransmit                            build_f103/stm32f1xx_hal_uart.o
HAL_UART_AbortTransmitCpltCallback                build_f103/stm32f1xx_hal_uart.o
HAL_UART_AbortTransmit_IT                         build_f103/stm32f1xx_hal_uart.o
HAL_UART_Abort_IT                                 build_f103/stm32f1xx_hal_uart.o
HAL_UART_DMAPause                                 build_f103/stm32f1xx_hal_uart.o
HAL_UART_DMAResume                                build_f103/stm32f1xx_hal_uart.o
HAL_UART_DMAStop                                  build_f103/stm32f1xx_hal_uart.o
HAL_UART_DeInit                                   build_f103/stm32f1xx_hal_uart.o
                                                  build_f103/comm_driver.o
HAL_UART_ErrorCallback                            build_f103/stm32f1xx_hal_uart.o
HAL_UART_GetError                                 build_f103/stm32f1xx_hal_uart.o
HAL_UART_GetState                                 build_f103/stm32f1xx_hal_uart.o
HAL_UART_IRQHandler                               build_f103/stm32f1xx_hal_uart.o
                                                  build_f103/comm_driver.o
HAL_UART_Init                                     build_f103/stm32f1xx_hal_uart.o
                                                  build_f103/comm_driver.o
HAL_UART_MspDeInit                                build_f103/stm32f1xx_hal_uart.o
HAL_UART_MspInit                                  build_f103/stm32f1xx_hal_uart.o
HAL_UART_Receive                                  build_f103/stm32f1xx_hal_uart.o
HAL_UART_Receive_DMA                              build_f103/stm32f1xx_hal_uart.o
HAL_UART_Receive_IT                               build_f103/stm32f1xx_hal_uart.o
                                                  build_f103/comm_driver.o
HAL_UART_RxCpltCallback                           build_f103/comm_driver.o
HAL_UART_RxHalfCpltCallback                       build_f103/stm32f1xx_hal_uart.o
HAL_UART_Transmit                                 build_f103/stm32f1xx_hal_uart.o
                                                  build_f103/comm_driver.o
HAL_UART_Transmit_DMA                             build_f103/stm32f1xx_hal_uart.o
HAL_UART_Transmit_IT                              build_f103/stm32f1xx_hal_uart.o
HAL_UART_TxCpltCallback                           build_f103/stm32f1xx_hal_uart.o
HAL_UART_TxHalfCpltCallback                       build_f103/stm32f1xx_hal_uart.o
HAL_USART_Abort                                   build_f103/stm32f1xx_hal_usart.o
HAL_USART_AbortCpltCallback                       build_f103/stm32f1xx_hal_usart.o
HAL_USART_Abort_IT                                build_f103/stm32f1xx_hal_usart.o
HAL_USART_DMAPause                                build_f103/stm32f1xx_hal_usart.o
HAL_USART_DMAResume                               build_f103/stm32f1xx_hal_usart.o
HAL_USART_DMAStop                                 build_f103/stm32f1xx_hal_usart.o
HAL_USART_DeInit                                  build_f103/stm32f1xx_hal_usart.o
HAL_USART_ErrorCallback                           build_f103/stm32f1xx_hal_usart.o
HAL_USART_GetError                                build_f103/stm32f1xx_hal_usart.o
HAL_USART_GetState                                build_f103/stm32f1xx_hal_usart.o
HAL_USART_IRQHandler                              build_f103/stm32f1xx_hal_usart.o
HAL_USART_Init                                    build_f103/stm32f1xx_hal_usart.o
HAL_USART_MspDeInit                               build_f103/stm32f1xx_hal_usart.o
HAL_USART_MspInit                                 build_f103/stm32f1xx_hal_usart.o
HAL_USART_Receive                                 build_f103/stm32f1xx_hal_usart.o
HAL_USART_Receive_DMA                             build_f103/stm32f1xx_hal_usart.o
HAL_USART_Receive_IT                              build_f103/stm32f1xx_hal_usart.o
HAL_USART_RxCpltCallback                          build_f103/stm32f1xx_hal_usart.o
HAL_USART_RxHalfCpltCallback                      build_f103/stm32f1xx_hal_usart.o
HAL_USART_Transmit                                build_f103/stm32f1xx_hal_usart.o
HAL_USART_TransmitReceive                         build_f103/stm32f1xx_hal_usart.o
HAL_USART_TransmitReceive_DMA                     build_f103/stm32f1xx_hal_usart.o
HAL_USART_TransmitReceive_IT                      build_f103/stm32f1xx_hal_usart.o
HAL_USART_Transmit_DMA                            build_f103/stm32f1xx_hal_usart.o
HAL_USART_Transmit_IT                             build_f103/stm32f1xx_hal_usart.o
HAL_USART_TxCpltCallback                          build_f103/stm32f1xx_hal_usart.o
HAL_USART_TxHalfCpltCallback                      build_f103/stm32f1xx_hal_usart.o
HAL_USART_TxRxCpltCallback                        build_f103/stm32f1xx_hal_usart.o
HardFault_Handler                                 build_f103/startup_stm32f103xb.o
I2C1_ER_IRQHandler                                build_f103/startup_stm32f103xb.o
I2C1_EV_IRQHandler                                build_f103/startup_stm32f103xb.o
I2C2_ER_IRQHandler                                build_f103/startup_stm32f103xb.o
I2C2_EV_IRQHandler                                build_f103/startup_stm32f103xb.o
MemManage_Handler                                 build_f103/startup_stm32f103xb.o
NMI_Handler                                       build_f103/startup_stm32f103xb.o
PVD_IRQHandler                                    build_f103/startup_stm32f103xb.o
PendSV_Handler                                    build_f103/startup_stm32f103xb.o
RCC_IRQHandler                                    build_f103/startup_stm32f103xb.o
RTC_Alarm_IRQHandler                              build_f103/startup_stm32f103xb.o
RTC_IRQHandler                                    build_f103/startup_stm32f103xb.o
Reset_Handler                                     build_f103/startup_stm32f103xb.o
SPI1_IRQHandler                                   build_f103/startup_stm32f103xb.o
SPI2_IRQHandler                                   build_f103/startup_stm32f103xb.o
SVC_Handler                                       build_f103/startup_stm32f103xb.o
SysTick_Handler                                   build_f103/main.o
SystemCoreClock                                   build_f103/system_stm32f1xx.o
                                                  build_f103/stm32f1xx_hal_rcc.o
                                                  build_f103/stm32f1xx_hal_adc.o
                                                  build_f103/stm32f1xx_hal.o
SystemCoreClockUpdate                             build_f103/system_stm32f1xx.o
SystemInit                                        build_f103/system_stm32f1xx.o
                                                  build_f103/startup_stm32f103xb.o
TAMPER_IRQHandler                                 build_f103/startup_stm32f103xb.o
TIM1_BRK_IRQHandler                               build_f103/startup_stm32f103xb.o
TIM1_CC_IRQHandler                                build_f103/startup_stm32f103xb.o
TIM1_TRG_COM_IRQHandler                           build_f103/startup_stm32f103xb.o
TIM1_UP_IRQHandler                                build_f103/startup_stm32f103xb.o
TIM2_IRQHandler                                   build_f103/startup_stm32f103xb.o
TIM3_IRQHandler                                   build_f103/startup_stm32f103xb.o
TIM4_IRQHandler                                   build_f103/startup_stm32f103xb.o
TIMEx_DMACommutationCplt                          build_f103/stm32f1xx_hal_tim.o
TIMEx_DMACommutationHalfCplt                      build_f103/stm32f1xx_hal_tim.o
TIM_Base_SetConfig                                build_f103/stm32f1xx_hal_tim.o
TIM_CCxChannelCmd                                 build_f103/stm32f1xx_hal_tim.o
TIM_DMACaptureCplt                                build_f103/stm32f1xx_hal_tim.o
TIM_DMACaptureHalfCplt                            build_f103/stm32f1xx_hal_tim.o
TIM_DMADelayPulseHalfCplt                         build_f103/stm32f1xx_hal_tim.o
TIM_DMAError                                      build_f103/stm32f1xx_hal_tim.o
TIM_ETR_SetConfig                                 build_f103/stm32f1xx_hal_tim.o
TIM_OC2_SetConfig                                 build_f103/stm32f1xx_hal_tim.o
TIM_TI1_SetConfig                                 build_f103/stm32f1xx_hal_tim.o
UART_Start_Receive_DMA                            build_f103/stm32f1xx_hal_uart.o
UART_Start_Receive_IT                             build_f103/stm32f1xx_hal_uart.o
USART1_IRQHandler                                 build_f103/comm_driver.o
USART2_IRQHandler                                 build_f103/startup_stm32f103xb.o
USART3_IRQHandler                                 build_f103/startup_stm32f103xb.o
USBWakeUp_IRQHandler                              build_f103/startup_stm32f103xb.o
USB_HP_CAN1_TX_IRQHandler                         build_f103/startup_stm32f103xb.o
USB_LP_CAN1_RX0_IRQHandler                        build_f103/can_driver.o
UsageFault_Handler                                build_f103/startup_stm32f103xb.o
WWDG_IRQHandler                                   build_f103/startup_stm32f103xb.o
_Min_Stack_Size                                   build_f103/sysmem.o
__bss_end__                                       d:/stm32/environment/gcc-arm-none-eabi-10.3-2021.10/bin/../lib/gcc/arm-none-eabi/10.3.1/../../../../arm-none-eabi/lib/thumb/v7-m/nofp/crt0.o
__bss_start__                                     d:/stm32/environment/gcc-arm-none-eabi-10.3-2021.10/bin/../lib/gcc/arm-none-eabi/10.3.1/../../../../arm-none-eabi/lib/thumb/v7-m/nofp/crt0.o
__call_exitprocs                                  d:/stm32/environment/gcc-arm-none-eabi-10.3-2021.10/bin/../lib/gcc/arm-none-eabi/10.3.1/../../../../arm-none-eabi/lib/thumb/v7-m/nofp\libc_nano.a(lib_a-exit.o)
__deregister_frame_info                           d:/stm32/environment/gcc-arm-none-eabi-10.3-2021.10/bin/../lib/gcc/arm-none-eabi/10.3.1/thumb/v7-m/nofp/crtbegin.o